Archive member included to satisfy reference by file (symbol)

libLCD_I2C.a(LCD_I2C.c.obj)   CMakeFiles/main.dir/src/main.c.obj (lcd_clear)
libkeypad_4x4.a(keypad_4x4.c.obj)
                              CMakeFiles/main.dir/src/main.c.obj (keypad_init)
libpicoServo.a(picoServo.c.obj)
                              CMakeFiles/main.dir/src/main.c.obj (picoServo_setDegree)
/usr/lib/gcc/arm-none-eabi/6.3.1/thumb/v6-m/libgcc.a(_dvmd_tls.o)
                              CMakeFiles/main.dir/home/oswaldo/pico/pico-sdk/src/rp2_common/pico_divider/divider.S.obj (__aeabi_idiv0)
/usr/lib/gcc/arm-none-eabi/6.3.1/../../../arm-none-eabi/lib/thumb/v6-m/libg.a(lib_a-atexit.o)
                              /usr/lib/gcc/arm-none-eabi/6.3.1/../../../arm-none-eabi/lib/thumb/v6-m/crt0.o (atexit)
/usr/lib/gcc/arm-none-eabi/6.3.1/../../../arm-none-eabi/lib/thumb/v6-m/libg.a(lib_a-calloc.o)
                              CMakeFiles/main.dir/home/oswaldo/pico/pico-sdk/src/rp2_common/pico_malloc/pico_malloc.c.obj (calloc)
/usr/lib/gcc/arm-none-eabi/6.3.1/../../../arm-none-eabi/lib/thumb/v6-m/libg.a(lib_a-callocr.o)
                              /usr/lib/gcc/arm-none-eabi/6.3.1/../../../arm-none-eabi/lib/thumb/v6-m/libg.a(lib_a-calloc.o) (_calloc_r)
/usr/lib/gcc/arm-none-eabi/6.3.1/../../../arm-none-eabi/lib/thumb/v6-m/libg.a(lib_a-ctype_.o)
                              CMakeFiles/main.dir/home/oswaldo/pico/pico-sdk/lib/tinyusb/src/tusb.c.obj (__ctype_ptr__)
/usr/lib/gcc/arm-none-eabi/6.3.1/../../../arm-none-eabi/lib/thumb/v6-m/libg.a(lib_a-fini.o)
                              /usr/lib/gcc/arm-none-eabi/6.3.1/../../../arm-none-eabi/lib/thumb/v6-m/crt0.o (__libc_fini_array)
/usr/lib/gcc/arm-none-eabi/6.3.1/../../../arm-none-eabi/lib/thumb/v6-m/libg.a(lib_a-impure.o)
                              CMakeFiles/main.dir/home/oswaldo/pico/pico-sdk/src/common/pico_util/pheap.c.obj (_impure_ptr)
/usr/lib/gcc/arm-none-eabi/6.3.1/../../../arm-none-eabi/lib/thumb/v6-m/libg.a(lib_a-init.o)
                              /usr/lib/gcc/arm-none-eabi/6.3.1/../../../arm-none-eabi/lib/thumb/v6-m/crt0.o (__libc_init_array)
/usr/lib/gcc/arm-none-eabi/6.3.1/../../../arm-none-eabi/lib/thumb/v6-m/libg.a(lib_a-malloc.o)
                              CMakeFiles/main.dir/home/oswaldo/pico/pico-sdk/src/rp2_common/pico_malloc/pico_malloc.c.obj (malloc)
/usr/lib/gcc/arm-none-eabi/6.3.1/../../../arm-none-eabi/lib/thumb/v6-m/libg.a(lib_a-mallocr.o)
                              /usr/lib/gcc/arm-none-eabi/6.3.1/../../../arm-none-eabi/lib/thumb/v6-m/libg.a(lib_a-callocr.o) (_malloc_r)
/usr/lib/gcc/arm-none-eabi/6.3.1/../../../arm-none-eabi/lib/thumb/v6-m/libg.a(lib_a-mlock.o)
                              /usr/lib/gcc/arm-none-eabi/6.3.1/../../../arm-none-eabi/lib/thumb/v6-m/libg.a(lib_a-mallocr.o) (__malloc_lock)
/usr/lib/gcc/arm-none-eabi/6.3.1/../../../arm-none-eabi/lib/thumb/v6-m/libg.a(lib_a-sbrkr.o)
                              /usr/lib/gcc/arm-none-eabi/6.3.1/../../../arm-none-eabi/lib/thumb/v6-m/libg.a(lib_a-mallocr.o) (_sbrk_r)
/usr/lib/gcc/arm-none-eabi/6.3.1/../../../arm-none-eabi/lib/thumb/v6-m/libg.a(lib_a-strcpy.o)
                              CMakeFiles/main.dir/src/main.c.obj (strcpy)
/usr/lib/gcc/arm-none-eabi/6.3.1/../../../arm-none-eabi/lib/thumb/v6-m/libg.a(lib_a-strlen-stub.o)
                              CMakeFiles/main.dir/src/main.c.obj (strlen)
/usr/lib/gcc/arm-none-eabi/6.3.1/../../../arm-none-eabi/lib/thumb/v6-m/libg.a(lib_a-strncat.o)
                              CMakeFiles/main.dir/src/main.c.obj (strncat)
/usr/lib/gcc/arm-none-eabi/6.3.1/../../../arm-none-eabi/lib/thumb/v6-m/libg.a(lib_a-wbuf.o)
                              CMakeFiles/main.dir/home/oswaldo/pico/pico-sdk/src/common/pico_util/pheap.c.obj (__swbuf_r)
/usr/lib/gcc/arm-none-eabi/6.3.1/../../../arm-none-eabi/lib/thumb/v6-m/libg.a(lib_a-wsetup.o)
                              /usr/lib/gcc/arm-none-eabi/6.3.1/../../../arm-none-eabi/lib/thumb/v6-m/libg.a(lib_a-wbuf.o) (__swsetup_r)
/usr/lib/gcc/arm-none-eabi/6.3.1/../../../arm-none-eabi/lib/thumb/v6-m/libg.a(lib_a-__atexit.o)
                              /usr/lib/gcc/arm-none-eabi/6.3.1/../../../arm-none-eabi/lib/thumb/v6-m/libg.a(lib_a-atexit.o) (__register_exitproc)
/usr/lib/gcc/arm-none-eabi/6.3.1/../../../arm-none-eabi/lib/thumb/v6-m/libg.a(lib_a-fflush.o)
                              /usr/lib/gcc/arm-none-eabi/6.3.1/../../../arm-none-eabi/lib/thumb/v6-m/libg.a(lib_a-wbuf.o) (_fflush_r)
/usr/lib/gcc/arm-none-eabi/6.3.1/../../../arm-none-eabi/lib/thumb/v6-m/libg.a(lib_a-findfp.o)
                              /usr/lib/gcc/arm-none-eabi/6.3.1/../../../arm-none-eabi/lib/thumb/v6-m/libg.a(lib_a-wbuf.o) (__sinit)
/usr/lib/gcc/arm-none-eabi/6.3.1/../../../arm-none-eabi/lib/thumb/v6-m/libg.a(lib_a-freer.o)
                              /usr/lib/gcc/arm-none-eabi/6.3.1/../../../arm-none-eabi/lib/thumb/v6-m/libg.a(lib_a-malloc.o) (_free_r)
[...]
Memory Configuration

Name             Origin             Length             Attributes
FLASH            0x0000000010000000 0x0000000000200000 xr
RAM              0x0000000020000000 0x0000000000040000 xrw
SCRATCH_X        0x0000000020040000 0x0000000000001000 xrw
SCRATCH_Y        0x0000000020041000 0x0000000000001000 xrw
*default*        0x0000000000000000 0xffffffffffffffff

Linker script and memory map

LOAD /usr/lib/gcc/arm-none-eabi/6.3.1/thumb/v6-m/crti.o
LOAD /usr/lib/gcc/arm-none-eabi/6.3.1/thumb/v6-m/crtbegin.o
LOAD /usr/lib/gcc/arm-none-eabi/6.3.1/../../../arm-none-eabi/lib/thumb/v6-m/crt0.o

.flash_begin    0x0000000010000000        0x0
                0x0000000010000000                __flash_binary_start = .

.boot2          0x0000000010000000      0x100
                0x0000000010000000                __boot2_start__ = .
 *(.boot2)
 .boot2         0x0000000010000000      0x100 /tmp/ccnLE3vu.o
                0x0000000010000100                __boot2_end__ = .
                0x0000000000000001                ASSERT (((__boot2_end__ - __boot2_start__) == 0x100), ERROR: Pico second stage bootloader must be 256 bytes in size)

.text           0x0000000010000100     0x7488
                0x0000000010000100                __logical_binary_start = .
 *(.vectors)
 .vectors       0x0000000010000100       0xd4 CMakeFiles/main.dir/home/oswaldo/pico/pico-sdk/src/rp2_common/pico_standard_link/crt0.S.obj
                0x0000000010000100                __vectors
                0x00000000100001c0                isr_invalid
                0x00000000100001c2                isr_nmi
                0x00000000100001c4                isr_hardfault
                0x00000000100001c6                isr_svcall
                0x00000000100001c8                isr_pendsv
                0x00000000100001ca                isr_systick
                0x00000000100001cc                isr_irq30
                0x00000000100001cc                __unhandled_user_irq
                0x00000000100001cc                isr_irq13
                0x00000000100001cc                isr_irq27
                0x00000000100001cc                isr_irq31
                0x00000000100001cc                isr_irq5
                0x00000000100001cc                isr_irq11
                0x00000000100001cc                isr_irq23
                0x00000000100001cc                isr_irq18
                0x00000000100001cc                isr_irq28
                0x00000000100001cc                isr_irq19
                0x00000000100001cc                isr_irq0
                0x00000000100001cc                isr_irq6
                0x00000000100001cc                isr_irq22
                0x00000000100001cc                isr_irq17
                0x00000000100001cc                isr_irq14
                0x00000000100001cc                isr_irq2
                0x00000000100001cc                isr_irq10
                0x00000000100001cc                isr_irq8
                0x00000000100001cc                isr_irq24
                0x00000000100001cc                isr_irq1
                0x00000000100001cc                isr_irq7
                0x00000000100001cc                isr_irq21
                0x00000000100001cc                isr_irq20
                0x00000000100001cc                isr_irq15
                0x00000000100001cc                isr_irq25
                0x00000000100001cc                isr_irq4
                0x00000000100001cc                isr_irq16
                0x00000000100001cc                isr_irq29
                0x00000000100001cc                isr_irq26
                0x00000000100001cc                isr_irq3
                0x00000000100001cc                isr_irq12
                0x00000000100001cc                isr_irq9
                0x00000000100001d2                unhandled_user_irq_num_in_r0
 *(.binary_info_header)
 .binary_info_header
                0x00000000100001d4       0x14 CMakeFiles/main.dir/home/oswaldo/pico/pico-sdk/src/rp2_common/pico_standard_link/crt0.S.obj
                0x00000000100001e8                __binary_info_header_end = .
 *(.reset)
 .reset         0x00000000100001e8       0xa8 CMakeFiles/main.dir/home/oswaldo/pico/pico-sdk/src/rp2_common/pico_standard_link/crt0.S.obj
                0x00000000100001e8                _entry_point
                0x0000000010000266                __get_current_exception
 .reset         0x0000000010000290       0x30 CMakeFiles/main.dir/home/oswaldo/pico/pico-sdk/src/rp2_common/pico_standard_link/binary_info.c.obj
 *(.init)
 .init          0x00000000100002c0        0x4 /usr/lib/gcc/arm-none-eabi/6.3.1/thumb/v6-m/crti.o
                0x00000000100002c0                _init
 *(EXCLUDE_FILE(*libm.a: *libc.a:*lib_a-mem*.o *libgcc.a:) .text*)
 .text          0x00000000100002c4       0xb4 /usr/lib/gcc/arm-none-eabi/6.3.1/thumb/v6-m/crtbegin.o
 .text.alarm_callback
                0x0000000010000378       0x20 CMakeFiles/main.dir/src/main.c.obj
                0x0000000010000378                alarm_callback
 .text.printMenu
                0x0000000010000398      0x1e4 CMakeFiles/main.dir/src/main.c.obj
                0x0000000010000398                printMenu
 .text.main     0x000000001000057c       0x58 CMakeFiles/main.dir/src/main.c.obj
                0x000000001000057c                main
 .text.change_state
                0x00000000100005d4      0x1f0 CMakeFiles/main.dir/src/main.c.obj
                0x00000000100005d4                change_state
 .text.gpio_callback
                0x00000000100007c4       0x94 CMakeFiles/main.dir/src/main.c.obj
                0x00000000100007c4                gpio_callback
 .text.gpio_set_function
                0x0000000010000858       0x30 CMakeFiles/main.dir/home/oswaldo/pico/pico-sdk/src/rp2_common/hardware_gpio/gpio.c.obj
                0x0000000010000858                gpio_set_function
 .text.gpio_set_pulls
                0x0000000010000888       0x34 CMakeFiles/main.dir/home/oswaldo/pico/pico-sdk/src/rp2_common/hardware_gpio/gpio.c.obj
                0x0000000010000888                gpio_set_pulls
 .text.gpio_acknowledge_irq
                0x00000000100008bc       0x18 CMakeFiles/main.dir/home/oswaldo/pico/pico-sdk/src/rp2_common/hardware_gpio/gpio.c.obj
                0x00000000100008bc                gpio_acknowledge_irq
 .text._gpio_set_irq_enabled
                0x00000000100008d4       0x34 CMakeFiles/main.dir/home/oswaldo/pico/pico-sdk/src/rp2_common/hardware_gpio/gpio.c.obj
 .text.gpio_set_irq_enabled
                0x0000000010000908       0x20 CMakeFiles/main.dir/home/oswaldo/pico/pico-sdk/src/rp2_common/hardware_gpio/gpio.c.obj
                0x0000000010000908                gpio_set_irq_enabled
 .text.gpio_set_irq_enabled_with_callback
                0x0000000010000928       0x30 CMakeFiles/main.dir/home/oswaldo/pico/pico-sdk/src/rp2_common/hardware_gpio/gpio.c.obj
                0x0000000010000928                gpio_set_irq_enabled_with_callback
 .text.gpio_irq_handler
                0x0000000010000958       0x64 CMakeFiles/main.dir/home/oswaldo/pico/pico-sdk/src/rp2_common/hardware_gpio/gpio.c.obj
 .text.gpio_init
                0x00000000100009bc       0x16 CMakeFiles/main.dir/home/oswaldo/pico/pico-sdk/src/rp2_common/hardware_gpio/gpio.c.obj
                0x00000000100009bc                gpio_init
 *fill*         0x00000000100009d2        0x2 
 .text.hw_claim_lock
                0x00000000100009d4       0x18 CMakeFiles/main.dir/home/oswaldo/pico/pico-sdk/src/rp2_common/hardware_claim/claim.c.obj
                0x00000000100009d4                hw_claim_lock
 .text.hw_claim_unlock
                0x00000000100009ec       0x14 CMakeFiles/main.dir/home/oswaldo/pico/pico-sdk/src/rp2_common/hardware_claim/claim.c.obj
                0x00000000100009ec                hw_claim_unlock
 .text.hw_claim_or_assert
                0x0000000010000a00       0x36 CMakeFiles/main.dir/home/oswaldo/pico/pico-sdk/src/rp2_common/hardware_claim/claim.c.obj
                0x0000000010000a00                hw_claim_or_assert
 .text.hw_claim_unused_from_range
                0x0000000010000a36       0x54 CMakeFiles/main.dir/home/oswaldo/pico/pico-sdk/src/rp2_common/hardware_claim/claim.c.obj
                0x0000000010000a36                hw_claim_unused_from_range
 *fill*         0x0000000010000a8a        0x2 
 .text.spin_locks_reset
                0x0000000010000a8c       0x20 CMakeFiles/main.dir/home/oswaldo/pico/pico-sdk/src/rp2_common/hardware_sync/sync.c.obj
                0x0000000010000a8c                spin_locks_reset
 .text.next_striped_spin_lock_num
                0x0000000010000aac       0x1c CMakeFiles/main.dir/home/oswaldo/pico/pico-sdk/src/rp2_common/hardware_sync/sync.c.obj
                0x0000000010000aac                next_striped_spin_lock_num
 .text.spin_lock_claim_unused
                0x0000000010000ac8       0x20 CMakeFiles/main.dir/home/oswaldo/pico/pico-sdk/src/rp2_common/hardware_sync/sync.c.obj
                0x0000000010000ac8                spin_lock_claim_unused
 .text.running_on_fpga
                0x0000000010000ae8       0x14 CMakeFiles/main.dir/home/oswaldo/pico/pico-sdk/src/rp2_common/pico_platform/platform.c.obj
                0x0000000010000ae8                running_on_fpga
 .text.sev_callback
                0x0000000010000afc        0x8 CMakeFiles/main.dir/home/oswaldo/pico/pico-sdk/src/common/pico_time/time.c.obj
 .text.alarm_pool_post_alloc_init
                0x0000000010000b04       0x40 CMakeFiles/main.dir/home/oswaldo/pico/pico-sdk/src/common/pico_time/time.c.obj
 .text.timer_pool_entry_comparator
                0x0000000010000b44       0x7c CMakeFiles/main.dir/home/oswaldo/pico/pico-sdk/src/common/pico_time/time.c.obj
                0x0000000010000b44                timer_pool_entry_comparator
 .text.ph_add_child_node
                0x0000000010000bc0       0xa4 CMakeFiles/main.dir/home/oswaldo/pico/pico-sdk/src/common/pico_time/time.c.obj
 .text.ph_merge_nodes
                0x0000000010000c64       0x3e CMakeFiles/main.dir/home/oswaldo/pico/pico-sdk/src/common/pico_time/time.c.obj
 *fill*         0x0000000010000ca2        0x2 
 .text.add_alarm_under_lock
                0x0000000010000ca4      0x17c CMakeFiles/main.dir/home/oswaldo/pico/pico-sdk/src/common/pico_time/time.c.obj
 .text.alarm_pool_alarm_callback
                0x0000000010000e20      0x330 CMakeFiles/main.dir/home/oswaldo/pico/pico-sdk/src/common/pico_time/time.c.obj
 .text.alarm_pool_init_default
                0x0000000010001150       0x2c CMakeFiles/main.dir/home/oswaldo/pico/pico-sdk/src/common/pico_time/time.c.obj
                0x0000000010001150                alarm_pool_init_default
 .text.alarm_pool_get_default
                0x000000001000117c       0x2c CMakeFiles/main.dir/home/oswaldo/pico/pico-sdk/src/common/pico_time/time.c.obj
                0x000000001000117c                alarm_pool_get_default
 .text.alarm_pool_add_alarm_at
                0x00000000100011a8      0x164 CMakeFiles/main.dir/home/oswaldo/pico/pico-sdk/src/common/pico_time/time.c.obj
                0x00000000100011a8                alarm_pool_add_alarm_at
 .text.alarm_pool_cancel_alarm
                0x000000001000130c       0xec CMakeFiles/main.dir/home/oswaldo/pico/pico-sdk/src/common/pico_time/time.c.obj
                0x000000001000130c                alarm_pool_cancel_alarm
 .text.best_effort_wfe_or_timeout
                0x00000000100013f8       0x80 CMakeFiles/main.dir/home/oswaldo/pico/pico-sdk/src/common/pico_time/time.c.obj
                0x00000000100013f8                best_effort_wfe_or_timeout
 .text.hardware_alarm_irq_handler
                0x0000000010001478       0x8c CMakeFiles/main.dir/home/oswaldo/pico/pico-sdk/src/rp2_common/hardware_timer/timer.c.obj
 .text.hardware_alarm_claim
                0x0000000010001504       0x18 CMakeFiles/main.dir/home/oswaldo/pico/pico-sdk/src/rp2_common/hardware_timer/timer.c.obj
                0x0000000010001504                hardware_alarm_claim
 .text.time_us_64
                0x000000001000151c       0x18 CMakeFiles/main.dir/home/oswaldo/pico/pico-sdk/src/rp2_common/hardware_timer/timer.c.obj
                0x000000001000151c                time_us_64
 .text.busy_wait_until
                0x0000000010001534       0x28 CMakeFiles/main.dir/home/oswaldo/pico/pico-sdk/src/rp2_common/hardware_timer/timer.c.obj
                0x0000000010001534                busy_wait_until
 .text.busy_wait_us
                0x000000001000155c       0x48 CMakeFiles/main.dir/home/oswaldo/pico/pico-sdk/src/rp2_common/hardware_timer/timer.c.obj
                0x000000001000155c                busy_wait_us
 .text.hardware_alarm_set_callback
                0x00000000100015a4       0x90 CMakeFiles/main.dir/home/oswaldo/pico/pico-sdk/src/rp2_common/hardware_timer/timer.c.obj
                0x00000000100015a4                hardware_alarm_set_callback
 .text.hardware_alarm_set_target
                0x0000000010001634       0xe8 CMakeFiles/main.dir/home/oswaldo/pico/pico-sdk/src/rp2_common/hardware_timer/timer.c.obj
                0x0000000010001634                hardware_alarm_set_target
 .text.hardware_alarm_cancel
                0x000000001000171c       0x40 CMakeFiles/main.dir/home/oswaldo/pico/pico-sdk/src/rp2_common/hardware_timer/timer.c.obj
                0x000000001000171c                hardware_alarm_cancel
 .text.lock_init
                0x000000001000175c       0x10 CMakeFiles/main.dir/home/oswaldo/pico/pico-sdk/src/common/pico_sync/lock_core.c.obj
                0x000000001000175c                lock_init
 .text.mutex_init
                0x000000001000176c       0x1a CMakeFiles/main.dir/home/oswaldo/pico/pico-sdk/src/common/pico_sync/mutex.c.obj
                0x000000001000176c                mutex_init
 .text.critical_section_init_with_lock_num
                0x0000000010001786        0xc CMakeFiles/main.dir/home/oswaldo/pico/pico-sdk/src/common/pico_sync/critical_section.c.obj
                0x0000000010001786                critical_section_init_with_lock_num
 .text.critical_section_init
                0x0000000010001792       0x14 CMakeFiles/main.dir/home/oswaldo/pico/pico-sdk/src/common/pico_sync/critical_section.c.obj
                0x0000000010001792                critical_section_init
 *fill*         0x00000000100017a6        0x2 
 .text.ph_add_child_node
                0x00000000100017a8       0xa4 CMakeFiles/main.dir/home/oswaldo/pico/pico-sdk/src/common/pico_util/pheap.c.obj
 .text.ph_merge_nodes
                0x000000001000184c       0x3e CMakeFiles/main.dir/home/oswaldo/pico/pico-sdk/src/common/pico_util/pheap.c.obj
 *fill*         0x000000001000188a        0x2 
 .text.ph_clear
                0x000000001000188c       0x70 CMakeFiles/main.dir/home/oswaldo/pico/pico-sdk/src/common/pico_util/pheap.c.obj
                0x000000001000188c                ph_clear
 .text.ph_post_alloc_init
                0x00000000100018fc        0xe CMakeFiles/main.dir/home/oswaldo/pico/pico-sdk/src/common/pico_util/pheap.c.obj
                0x00000000100018fc                ph_post_alloc_init
 *fill*         0x000000001000190a        0x2 
 .text.ph_merge_two_pass
                0x000000001000190c       0x88 CMakeFiles/main.dir/home/oswaldo/pico/pico-sdk/src/common/pico_util/pheap.c.obj
                0x000000001000190c                ph_merge_two_pass
 .text.ph_remove_any_head
                0x0000000010001994      0x108 CMakeFiles/main.dir/home/oswaldo/pico/pico-sdk/src/common/pico_util/pheap.c.obj
 .text.ph_remove_head
                0x0000000010001a9c       0x14 CMakeFiles/main.dir/home/oswaldo/pico/pico-sdk/src/common/pico_util/pheap.c.obj
                0x0000000010001a9c                ph_remove_head
 .text.ph_remove_and_free_node
                0x0000000010001ab0      0x100 CMakeFiles/main.dir/home/oswaldo/pico/pico-sdk/src/common/pico_util/pheap.c.obj
                0x0000000010001ab0                ph_remove_and_free_node
 .text.runtime_init
                0x0000000010001bb0       0xcc CMakeFiles/main.dir/home/oswaldo/pico/pico-sdk/src/rp2_common/pico_runtime/runtime.c.obj
                0x0000000010001bb0                runtime_init
 .text._exit    0x0000000010001c7c        0x4 CMakeFiles/main.dir/home/oswaldo/pico/pico-sdk/src/rp2_common/pico_runtime/runtime.c.obj
                0x0000000010001c7c                _exit
 .text.exit     0x0000000010001c80        0x6 CMakeFiles/main.dir/home/oswaldo/pico/pico-sdk/src/rp2_common/pico_runtime/runtime.c.obj
                0x0000000010001c80                exit
 *fill*         0x0000000010001c86        0x2 
 .text.__assert_func
                0x0000000010001c88       0x3c CMakeFiles/main.dir/home/oswaldo/pico/pico-sdk/src/rp2_common/pico_runtime/runtime.c.obj
                0x0000000010001c88                __assert_func
 .text.panic    0x0000000010001cc4       0x30 CMakeFiles/main.dir/home/oswaldo/pico/pico-sdk/src/rp2_common/pico_runtime/runtime.c.obj
                0x0000000010001cc4                panic
 .text.clock_configure
                0x0000000010001cf4       0xe8 CMakeFiles/main.dir/home/oswaldo/pico/pico-sdk/src/rp2_common/hardware_clocks/clocks.c.obj
                0x0000000010001cf4                clock_configure
 .text.clocks_init
                0x0000000010001ddc      0x124 CMakeFiles/main.dir/home/oswaldo/pico/pico-sdk/src/rp2_common/hardware_clocks/clocks.c.obj
                0x0000000010001ddc                clocks_init
 .text.clock_get_hz
                0x0000000010001f00        0xc CMakeFiles/main.dir/home/oswaldo/pico/pico-sdk/src/rp2_common/hardware_clocks/clocks.c.obj
                0x0000000010001f00                clock_get_hz
 .text.watchdog_start_tick
                0x0000000010001f0c       0x10 CMakeFiles/main.dir/home/oswaldo/pico/pico-sdk/src/rp2_common/hardware_watchdog/watchdog.c.obj
                0x0000000010001f0c                watchdog_start_tick
 .text.watchdog_update
                0x0000000010001f1c       0x14 CMakeFiles/main.dir/home/oswaldo/pico/pico-sdk/src/rp2_common/hardware_watchdog/watchdog.c.obj
                0x0000000010001f1c                watchdog_update
 .text._watchdog_enable
                0x0000000010001f30       0x68 CMakeFiles/main.dir/home/oswaldo/pico/pico-sdk/src/rp2_common/hardware_watchdog/watchdog.c.obj
                0x0000000010001f30                _watchdog_enable
 .text.watchdog_reboot
                0x0000000010001f98       0x44 CMakeFiles/main.dir/home/oswaldo/pico/pico-sdk/src/rp2_common/hardware_watchdog/watchdog.c.obj
                0x0000000010001f98                watchdog_reboot
 .text.xosc_init
                0x0000000010001fdc       0x28 CMakeFiles/main.dir/home/oswaldo/pico/pico-sdk/src/rp2_common/hardware_xosc/xosc.c.obj
                0x0000000010001fdc                xosc_init
 .text.pll_init
                0x0000000010002004       0xc4 CMakeFiles/main.dir/home/oswaldo/pico/pico-sdk/src/rp2_common/hardware_pll/pll.c.obj
                0x0000000010002004                pll_init
 .text.set_raw_irq_handler_and_unlock
                0x00000000100020c8       0x28 CMakeFiles/main.dir/home/oswaldo/pico/pico-sdk/src/rp2_common/hardware_irq/irq.c.obj
 .text.make_branch
                0x00000000100020f0       0x34 CMakeFiles/main.dir/home/oswaldo/pico/pico-sdk/src/rp2_common/hardware_irq/irq.c.obj
 .text.insert_branch_and_link
                0x0000000010002124       0x40 CMakeFiles/main.dir/home/oswaldo/pico/pico-sdk/src/rp2_common/hardware_irq/irq.c.obj
 .text.irq_is_enabled
                0x0000000010002164       0x18 CMakeFiles/main.dir/home/oswaldo/pico/pico-sdk/src/rp2_common/hardware_irq/irq.c.obj
                0x0000000010002164                irq_is_enabled
 .text.irq_set_mask_enabled
                0x000000001000217c       0x20 CMakeFiles/main.dir/home/oswaldo/pico/pico-sdk/src/rp2_common/hardware_irq/irq.c.obj
                0x000000001000217c                irq_set_mask_enabled
 .text.irq_set_enabled
                0x000000001000219c        0xe CMakeFiles/main.dir/home/oswaldo/pico/pico-sdk/src/rp2_common/hardware_irq/irq.c.obj
                0x000000001000219c                irq_set_enabled
 *fill*         0x00000000100021aa        0x2 
 .text.irq_set_pending
                0x00000000100021ac       0x10 CMakeFiles/main.dir/home/oswaldo/pico/pico-sdk/src/rp2_common/hardware_irq/irq.c.obj
                0x00000000100021ac                irq_set_pending
 .text.irq_get_vtable_handler
                0x00000000100021bc       0x10 CMakeFiles/main.dir/home/oswaldo/pico/pico-sdk/src/rp2_common/hardware_irq/irq.c.obj
                0x00000000100021bc                irq_get_vtable_handler
 .text.irq_set_exclusive_handler
                0x00000000100021cc       0x54 CMakeFiles/main.dir/home/oswaldo/pico/pico-sdk/src/rp2_common/hardware_irq/irq.c.obj
                0x00000000100021cc                irq_set_exclusive_handler
 .text.irq_remove_handler
                0x0000000010002220      0x1ac CMakeFiles/main.dir/home/oswaldo/pico/pico-sdk/src/rp2_common/hardware_irq/irq.c.obj
                0x0000000010002220                irq_remove_handler
 .text.irq_set_priority
                0x00000000100023cc       0x28 CMakeFiles/main.dir/home/oswaldo/pico/pico-sdk/src/rp2_common/hardware_irq/irq.c.obj
                0x00000000100023cc                irq_set_priority
 .text.irq_add_tail_to_free_list
                0x00000000100023f4       0xfc CMakeFiles/main.dir/home/oswaldo/pico/pico-sdk/src/rp2_common/hardware_irq/irq.c.obj
                0x00000000100023f4                irq_add_tail_to_free_list
 .text.irq_init_priorities
                0x00000000100024f0       0x16 CMakeFiles/main.dir/home/oswaldo/pico/pico-sdk/src/rp2_common/hardware_irq/irq.c.obj
                0x00000000100024f0                irq_init_priorities
 .text._out_null
                0x0000000010002506        0x2 CMakeFiles/main.dir/home/oswaldo/pico/pico-sdk/src/rp2_common/pico_printf/printf.c.obj
 .text._out_fct
                0x0000000010002508       0x10 CMakeFiles/main.dir/home/oswaldo/pico/pico-sdk/src/rp2_common/pico_printf/printf.c.obj
 .text._atoi    0x0000000010002518       0x28 CMakeFiles/main.dir/home/oswaldo/pico/pico-sdk/src/rp2_common/pico_printf/printf.c.obj
 .text._out_rev
                0x0000000010002540       0xa2 CMakeFiles/main.dir/home/oswaldo/pico/pico-sdk/src/rp2_common/pico_printf/printf.c.obj
 .text._ntoa_format
                0x00000000100025e2      0x10e CMakeFiles/main.dir/home/oswaldo/pico/pico-sdk/src/rp2_common/pico_printf/printf.c.obj
 .text._ntoa_long
                0x00000000100026f0       0x9e CMakeFiles/main.dir/home/oswaldo/pico/pico-sdk/src/rp2_common/pico_printf/printf.c.obj
 .text._ntoa_long_long
                0x000000001000278e       0xde CMakeFiles/main.dir/home/oswaldo/pico/pico-sdk/src/rp2_common/pico_printf/printf.c.obj
 .text._etoa    0x000000001000286c      0x410 CMakeFiles/main.dir/home/oswaldo/pico/pico-sdk/src/rp2_common/pico_printf/printf.c.obj
 .text._ftoa    0x0000000010002c7c      0x33c CMakeFiles/main.dir/home/oswaldo/pico/pico-sdk/src/rp2_common/pico_printf/printf.c.obj
 .text._vsnprintf
                0x0000000010002fb8      0x61c CMakeFiles/main.dir/home/oswaldo/pico/pico-sdk/src/rp2_common/pico_printf/printf.c.obj
 .text.vfctprintf
                0x00000000100035d4       0x20 CMakeFiles/main.dir/home/oswaldo/pico/pico-sdk/src/rp2_common/pico_printf/printf.c.obj
                0x00000000100035d4                vfctprintf
 .text          0x00000000100035f4       0x10 CMakeFiles/main.dir/home/oswaldo/pico/pico-sdk/src/rp2_common/pico_bit_ops/bit_ops_aeabi.S.obj
 .text.rom_func_lookup
                0x0000000010003604       0x10 CMakeFiles/main.dir/home/oswaldo/pico/pico-sdk/src/rp2_common/pico_bootrom/bootrom.c.obj
                0x0000000010003604                rom_func_lookup
 .text.rom_data_lookup
                0x0000000010003614       0x10 CMakeFiles/main.dir/home/oswaldo/pico/pico-sdk/src/rp2_common/pico_bootrom/bootrom.c.obj
                0x0000000010003614                rom_data_lookup
 .text.rom_funcs_lookup
                0x0000000010003624       0x36 CMakeFiles/main.dir/home/oswaldo/pico/pico-sdk/src/rp2_common/pico_bootrom/bootrom.c.obj
                0x0000000010003624                rom_funcs_lookup
 *fill*         0x000000001000365a        0x2 
 .text.__wrap___aeabi_idiv
                0x000000001000365c       0x58 CMakeFiles/main.dir/home/oswaldo/pico/pico-sdk/src/rp2_common/pico_divider/divider.S.obj
                0x000000001000365c                __wrap___aeabi_idivmod
                0x000000001000365c                divmod_s32s32
                0x000000001000365c                div_s32s32
                0x000000001000365c                __wrap___aeabi_idiv
                0x0000000010003664                divmod_s32s32_unsafe
                0x0000000010003690                divmod_s32s32_savestate
 .text.__wrap___aeabi_uidiv
                0x00000000100036b4       0x54 CMakeFiles/main.dir/home/oswaldo/pico/pico-sdk/src/rp2_common/pico_divider/divider.S.obj
                0x00000000100036b4                __wrap___aeabi_uidiv
                0x00000000100036b4                __wrap___aeabi_uidivmod
                0x00000000100036b4                div_u32u32
                0x00000000100036b4                divmod_u32u32
                0x00000000100036bc                divmod_u32u32_unsafe
                0x00000000100036e4                divmod_u32u32_savestate
 .text.__wrap___aeabi_ldiv
                0x0000000010003708      0x430 CMakeFiles/main.dir/home/oswaldo/pico/pico-sdk/src/rp2_common/pico_divider/divider.S.obj
                0x0000000010003708                div_s64s64
                0x0000000010003708                divmod_s64s64
                0x0000000010003708                __wrap___aeabi_ldivmod
                0x0000000010003740                div_u64u64
                0x0000000010003740                divmod_u64u64
                0x0000000010003740                __wrap___aeabi_uldivmod
                0x0000000010003750                divmod_u64u64_savestate
                0x0000000010003778                divmod_s64s64_unsafe
                0x0000000010003800                divmod_u64u64_unsafe
 .text.__wrap___aeabi_darithmetic
                0x0000000010003b38       0x54 CMakeFiles/main.dir/home/oswaldo/pico/pico-sdk/src/rp2_common/pico_double/double_aeabi.S.obj
                0x0000000010003b38                __wrap___aeabi_drsub
                0x0000000010003b3e                __wrap___aeabi_dsub
                0x0000000010003b50                __wrap___aeabi_dadd
                0x0000000010003b62                __wrap___aeabi_ddiv
                0x0000000010003b74                __wrap___aeabi_dmul
 .text.__wrap___aeabi_cdcmple
                0x0000000010003b8c       0x6c CMakeFiles/main.dir/home/oswaldo/pico/pico-sdk/src/rp2_common/pico_double/double_aeabi.S.obj
                0x0000000010003b8c                __wrap___aeabi_cdrcmple
                0x0000000010003b9c                __wrap___aeabi_cdcmple
                0x0000000010003b9c                __wrap___aeabi_cdcmpeq
 .text.__wrap___aeabi_dcmplt
                0x0000000010003bf8        0xc CMakeFiles/main.dir/home/oswaldo/pico/pico-sdk/src/rp2_common/pico_double/double_aeabi.S.obj
                0x0000000010003bf8                __wrap___aeabi_dcmplt
 .text.__wrap___aeabi_dcmple
                0x0000000010003c04       0x10 CMakeFiles/main.dir/home/oswaldo/pico/pico-sdk/src/rp2_common/pico_double/double_aeabi.S.obj
                0x0000000010003c04                __wrap___aeabi_dcmple
 .text.__wrap___aeabi_dcmpge
                0x0000000010003c14       0x10 CMakeFiles/main.dir/home/oswaldo/pico/pico-sdk/src/rp2_common/pico_double/double_aeabi.S.obj
                0x0000000010003c14                __wrap___aeabi_dcmpge
 .text.__wrap___aeabi_dcmpgt
                0x0000000010003c24        0xa CMakeFiles/main.dir/home/oswaldo/pico/pico-sdk/src/rp2_common/pico_double/double_aeabi.S.obj
                0x0000000010003c24                __wrap___aeabi_dcmpgt
 .text.__wrap___aeabi_dcmpun
                0x0000000010003c2e       0x1c CMakeFiles/main.dir/home/oswaldo/pico/pico-sdk/src/rp2_common/pico_double/double_aeabi.S.obj
                0x0000000010003c2e                __wrap___aeabi_dcmpun
 *fill*         0x0000000010003c4a        0x2 
 .text.__wrap___aeabi_i2d
                0x0000000010003c4c       0x38 CMakeFiles/main.dir/home/oswaldo/pico/pico-sdk/src/rp2_common/pico_double/double_aeabi.S.obj
                0x0000000010003c4c                __wrap___aeabi_ui2d
                0x0000000010003c54                __wrap___aeabi_i2d
 .text.__wrap___aeabi_d2iz
                0x0000000010003c84       0x48 CMakeFiles/main.dir/home/oswaldo/pico/pico-sdk/src/rp2_common/pico_double/double_aeabi.S.obj
                0x0000000010003c84                __wrap___aeabi_d2iz
                0x0000000010003c84                double2int_z
 .text.__wrap___aeabi_d2uiz
                0x0000000010003ccc       0x18 CMakeFiles/main.dir/home/oswaldo/pico/pico-sdk/src/rp2_common/pico_double/double_aeabi.S.obj
                0x0000000010003ccc                double2uint
                0x0000000010003ccc                __wrap___aeabi_d2uiz
 .text.__aeabi_double_init
                0x0000000010003ce4       0xb8 CMakeFiles/main.dir/home/oswaldo/pico/pico-sdk/src/rp2_common/pico_double/double_init_rom.c.obj
                0x0000000010003ce4                __aeabi_double_init
 .text.double_table_shim_on_use_helper
                0x0000000010003d9c       0x34 CMakeFiles/main.dir/home/oswaldo/pico/pico-sdk/src/rp2_common/pico_double/double_v1_rom_shim.S.obj
                0x0000000010003d9c                double_table_shim_on_use_helper
 .text.__wrap___aeabi_dsub
                0x0000000010003dd0       0x10 CMakeFiles/main.dir/home/oswaldo/pico/pico-sdk/src/rp2_common/pico_double/double_v1_rom_shim.S.obj
                0x0000000010003dd0                drsub_shim
                0x0000000010003dd6                dsub_shim
 .text.dadd_shim
                0x0000000010003de0      0x15c CMakeFiles/main.dir/home/oswaldo/pico/pico-sdk/src/rp2_common/pico_double/double_v1_rom_shim.S.obj
                0x0000000010003de0                dadd_shim
 .text.dmul_shim
                0x0000000010003f3c      0x15c CMakeFiles/main.dir/home/oswaldo/pico/pico-sdk/src/rp2_common/pico_double/double_v1_rom_shim.S.obj
                0x0000000010003f3c                dmul_shim
 .text.ddiv_shim
                0x0000000010004098      0x1b0 CMakeFiles/main.dir/home/oswaldo/pico/pico-sdk/src/rp2_common/pico_double/double_v1_rom_shim.S.obj
                0x0000000010004098                ddiv_shim
 .text.dcordic_rot_step
                0x0000000010004248       0x7c CMakeFiles/main.dir/home/oswaldo/pico/pico-sdk/src/rp2_common/pico_double/double_v1_rom_shim.S.obj
                0x0000000010004248                dcordic_rot_step
 .text.double2uint_shim
                0x00000000100042c4        0xe CMakeFiles/main.dir/home/oswaldo/pico/pico-sdk/src/rp2_common/pico_double/double_v1_rom_shim.S.obj
                0x00000000100042c4                double2uint_shim
                0x00000000100042c6                double2ufix_shim
 *fill*         0x00000000100042d2        0x2 
 .text.double2uint64_shim
                0x00000000100042d4       0x6c CMakeFiles/main.dir/home/oswaldo/pico/pico-sdk/src/rp2_common/pico_double/double_v1_rom_shim.S.obj
                0x00000000100042d4                double2uint64_shim
                0x00000000100042d6                double2ufix64_shim
                0x00000000100042f0                d2fix_a
 .text.dunpacks
                0x0000000010004340       0x3c CMakeFiles/main.dir/home/oswaldo/pico/pico-sdk/src/rp2_common/pico_double/double_v1_rom_shim.S.obj
                0x0000000010004340                dunpacks
 .text.__aeabi_lmul
                0x000000001000437c       0x32 CMakeFiles/main.dir/home/oswaldo/pico/pico-sdk/src/rp2_common/pico_int64_ops/pico_int64_ops_aeabi.S.obj
                0x000000001000437c                __wrap___aeabi_lmul
 *fill*         0x00000000100043ae        0x2 
 .text.__wrap___aeabi_farithmetic
                0x00000000100043b0       0x34 CMakeFiles/main.dir/home/oswaldo/pico/pico-sdk/src/rp2_common/pico_float/float_aeabi.S.obj
                0x00000000100043b0                __wrap___aeabi_frsub
                0x00000000100043b6                __wrap___aeabi_fsub
                0x00000000100043c0                __wrap___aeabi_fadd
                0x00000000100043ca                __wrap___aeabi_fdiv
                0x00000000100043d4                __wrap___aeabi_fmul
 .text.__wrap___aeabi_ui2f
                0x00000000100043e4        0xa CMakeFiles/main.dir/home/oswaldo/pico/pico-sdk/src/rp2_common/pico_float/float_aeabi.S.obj
                0x00000000100043e4                __wrap___aeabi_ui2f
 *fill*         0x00000000100043ee        0x2 
 .text.__wrap___aeabi_i2f
                0x00000000100043f0       0x44 CMakeFiles/main.dir/home/oswaldo/pico/pico-sdk/src/rp2_common/pico_float/float_aeabi.S.obj
                0x00000000100043f0                __wrap___aeabi_i2f
 .text.__wrap___aeabi_f2uiz
                0x0000000010004434       0x10 CMakeFiles/main.dir/home/oswaldo/pico/pico-sdk/src/rp2_common/pico_float/float_aeabi.S.obj
                0x0000000010004434                __wrap___aeabi_f2uiz
 .text.__aeabi_float_init
                0x0000000010004444       0xfc CMakeFiles/main.dir/home/oswaldo/pico/pico-sdk/src/rp2_common/pico_float/float_init_rom.c.obj
                0x0000000010004444                __aeabi_float_init
 .text.float_table_shim_on_use_helper
                0x0000000010004540       0x34 CMakeFiles/main.dir/home/oswaldo/pico/pico-sdk/src/rp2_common/pico_float/float_v1_rom_shim.S.obj
                0x0000000010004540                float_table_shim_on_use_helper
 .text          0x0000000010004574       0x10 CMakeFiles/main.dir/home/oswaldo/pico/pico-sdk/src/rp2_common/pico_mem_ops/mem_ops_aeabi.S.obj
                0x0000000010004574                __aeabi_mem_init
 .text.memset   0x0000000010004584        0xc CMakeFiles/main.dir/home/oswaldo/pico/pico-sdk/src/rp2_common/pico_mem_ops/mem_ops_aeabi.S.obj
                0x0000000010004584                __wrap_memset
 .text.memcpy   0x0000000010004590        0xc CMakeFiles/main.dir/home/oswaldo/pico/pico-sdk/src/rp2_common/pico_mem_ops/mem_ops_aeabi.S.obj
                0x0000000010004590                __wrap___aeabi_memcpy
                0x0000000010004590                __wrap_memcpy
 .text.stdio_out_chars_crlf
                0x000000001000459c       0x84 CMakeFiles/main.dir/home/oswaldo/pico/pico-sdk/src/rp2_common/pico_stdio/stdio.c.obj
 .text.stdio_stack_buffer_flush
                0x0000000010004620       0x44 CMakeFiles/main.dir/home/oswaldo/pico/pico-sdk/src/rp2_common/pico_stdio/stdio.c.obj
 .text.stdio_buffered_printer
                0x0000000010004664       0x20 CMakeFiles/main.dir/home/oswaldo/pico/pico-sdk/src/rp2_common/pico_stdio/stdio.c.obj
 .text.stdout_serialize_begin
                0x0000000010004684       0x2c CMakeFiles/main.dir/home/oswaldo/pico/pico-sdk/src/rp2_common/pico_stdio/stdio.c.obj
                0x0000000010004684                stdout_serialize_begin
 .text.stdout_serialize_end
                0x00000000100046b0       0x10 CMakeFiles/main.dir/home/oswaldo/pico/pico-sdk/src/rp2_common/pico_stdio/stdio.c.obj
                0x00000000100046b0                stdout_serialize_end
 .text.stdio_put_string
                0x00000000100046c0       0x7c CMakeFiles/main.dir/home/oswaldo/pico/pico-sdk/src/rp2_common/pico_stdio/stdio.c.obj
 .text.stdio_set_driver_enabled
                0x000000001000473c       0x38 CMakeFiles/main.dir/home/oswaldo/pico/pico-sdk/src/rp2_common/pico_stdio/stdio.c.obj
                0x000000001000473c                stdio_set_driver_enabled
 .text.stdio_flush
                0x0000000010004774       0x20 CMakeFiles/main.dir/home/oswaldo/pico/pico-sdk/src/rp2_common/pico_stdio/stdio.c.obj
                0x0000000010004774                stdio_flush
 .text.__wrap_puts
                0x0000000010004794       0x1c CMakeFiles/main.dir/home/oswaldo/pico/pico-sdk/src/rp2_common/pico_stdio/stdio.c.obj
                0x0000000010004794                __wrap_puts
 .text.__wrap_vprintf
                0x00000000100047b0       0x44 CMakeFiles/main.dir/home/oswaldo/pico/pico-sdk/src/rp2_common/pico_stdio/stdio.c.obj
                0x00000000100047b0                __wrap_vprintf
 .text.__wrap_printf
                0x00000000100047f4       0x18 CMakeFiles/main.dir/home/oswaldo/pico/pico-sdk/src/rp2_common/pico_stdio/stdio.c.obj
                0x00000000100047f4                __wrap_printf
 .text.stdio_init_all
                0x000000001000480c        0x8 CMakeFiles/main.dir/home/oswaldo/pico/pico-sdk/src/rp2_common/pico_stdio/stdio.c.obj
                0x000000001000480c                stdio_init_all
 .text.resetd_init
                0x0000000010004814        0x2 CMakeFiles/main.dir/home/oswaldo/pico/pico-sdk/src/rp2_common/pico_stdio_usb/reset_interface.c.obj
 *fill*         0x0000000010004816        0x2 
 .text.resetd_reset
                0x0000000010004818        0xc CMakeFiles/main.dir/home/oswaldo/pico/pico-sdk/src/rp2_common/pico_stdio_usb/reset_interface.c.obj
 .text.resetd_open
                0x0000000010004824       0x34 CMakeFiles/main.dir/home/oswaldo/pico/pico-sdk/src/rp2_common/pico_stdio_usb/reset_interface.c.obj
 .text.resetd_control_complete_cb
                0x0000000010004858        0x4 CMakeFiles/main.dir/home/oswaldo/pico/pico-sdk/src/rp2_common/pico_stdio_usb/reset_interface.c.obj
 .text.resetd_xfer_cb
                0x000000001000485c        0x4 CMakeFiles/main.dir/home/oswaldo/pico/pico-sdk/src/rp2_common/pico_stdio_usb/reset_interface.c.obj
 .text.resetd_control_request_cb
                0x0000000010004860       0x64 CMakeFiles/main.dir/home/oswaldo/pico/pico-sdk/src/rp2_common/pico_stdio_usb/reset_interface.c.obj
 .text.usbd_app_driver_get_cb
                0x00000000100048c4        0xc CMakeFiles/main.dir/home/oswaldo/pico/pico-sdk/src/rp2_common/pico_stdio_usb/reset_interface.c.obj
                0x00000000100048c4                usbd_app_driver_get_cb
 .text.tud_cdc_line_coding_cb
                0x00000000100048d0       0x34 CMakeFiles/main.dir/home/oswaldo/pico/pico-sdk/src/rp2_common/pico_stdio_usb/reset_interface.c.obj
                0x00000000100048d0                tud_cdc_line_coding_cb
 .text.stdio_usb_in_chars
                0x0000000010004904       0x70 CMakeFiles/main.dir/home/oswaldo/pico/pico-sdk/src/rp2_common/pico_stdio_usb/stdio_usb.c.obj
                0x0000000010004904                stdio_usb_in_chars
 .text.low_priority_worker_irq
                0x0000000010004974       0x20 CMakeFiles/main.dir/home/oswaldo/pico/pico-sdk/src/rp2_common/pico_stdio_usb/stdio_usb.c.obj
 .text.stdio_usb_out_chars
                0x0000000010004994       0xd4 CMakeFiles/main.dir/home/oswaldo/pico/pico-sdk/src/rp2_common/pico_stdio_usb/stdio_usb.c.obj
 .text.timer_task
                0x0000000010004a68       0x10 CMakeFiles/main.dir/home/oswaldo/pico/pico-sdk/src/rp2_common/pico_stdio_usb/stdio_usb.c.obj
 .text.stdio_usb_init
                0x0000000010004a78       0xb4 CMakeFiles/main.dir/home/oswaldo/pico/pico-sdk/src/rp2_common/pico_stdio_usb/stdio_usb.c.obj
                0x0000000010004a78                stdio_usb_init
 .text.tud_descriptor_device_cb
                0x0000000010004b2c        0x8 CMakeFiles/main.dir/home/oswaldo/pico/pico-sdk/src/rp2_common/pico_stdio_usb/stdio_usb_descriptors.c.obj
                0x0000000010004b2c                tud_descriptor_device_cb
 .text.tud_descriptor_configuration_cb
                0x0000000010004b34        0x8 CMakeFiles/main.dir/home/oswaldo/pico/pico-sdk/src/rp2_common/pico_stdio_usb/stdio_usb_descriptors.c.obj
                0x0000000010004b34                tud_descriptor_configuration_cb
 .text.tud_descriptor_string_cb
                0x0000000010004b3c       0x50 CMakeFiles/main.dir/home/oswaldo/pico/pico-sdk/src/rp2_common/pico_stdio_usb/stdio_usb_descriptors.c.obj
                0x0000000010004b3c                tud_descriptor_string_cb
 .text.hw_endpoint_get_by_addr
                0x0000000010004b8c       0x1c CMakeFiles/main.dir/home/oswaldo/pico/pico-sdk/lib/tinyusb/src/portable/raspberrypi/rp2040/dcd_rp2040.c.obj
 .text.reset_ep0
                0x0000000010004ba8       0x2c CMakeFiles/main.dir/home/oswaldo/pico/pico-sdk/lib/tinyusb/src/portable/raspberrypi/rp2040/dcd_rp2040.c.obj
 .text._hw_endpoint_alloc
                0x0000000010004bd4       0x7c CMakeFiles/main.dir/home/oswaldo/pico/pico-sdk/lib/tinyusb/src/portable/raspberrypi/rp2040/dcd_rp2040.c.obj
 .text._hw_endpoint_init
                0x0000000010004c50       0xbc CMakeFiles/main.dir/home/oswaldo/pico/pico-sdk/lib/tinyusb/src/portable/raspberrypi/rp2040/dcd_rp2040.c.obj
 .text.hw_endpoint_init
                0x0000000010004d0c       0x18 CMakeFiles/main.dir/home/oswaldo/pico/pico-sdk/lib/tinyusb/src/portable/raspberrypi/rp2040/dcd_rp2040.c.obj
 .text.hw_handle_buff_status
                0x0000000010004d24       0xb8 CMakeFiles/main.dir/home/oswaldo/pico/pico-sdk/lib/tinyusb/src/portable/raspberrypi/rp2040/dcd_rp2040.c.obj
 .text.dcd_rp2040_irq
                0x0000000010004ddc       0x84 CMakeFiles/main.dir/home/oswaldo/pico/pico-sdk/lib/tinyusb/src/portable/raspberrypi/rp2040/dcd_rp2040.c.obj
 .text.hw_endpoint_xfer
                0x0000000010004e60       0x18 CMakeFiles/main.dir/home/oswaldo/pico/pico-sdk/lib/tinyusb/src/portable/raspberrypi/rp2040/dcd_rp2040.c.obj
 .text.ep0_0len_status
                0x0000000010004e78       0x14 CMakeFiles/main.dir/home/oswaldo/pico/pico-sdk/lib/tinyusb/src/portable/raspberrypi/rp2040/dcd_rp2040.c.obj
 .text._hw_endpoint_stall
                0x0000000010004e8c       0x54 CMakeFiles/main.dir/home/oswaldo/pico/pico-sdk/lib/tinyusb/src/portable/raspberrypi/rp2040/dcd_rp2040.c.obj
 .text.hw_endpoint_stall
                0x0000000010004ee0        0xc CMakeFiles/main.dir/home/oswaldo/pico/pico-sdk/lib/tinyusb/src/portable/raspberrypi/rp2040/dcd_rp2040.c.obj
 .text._hw_endpoint_clear_stall
                0x0000000010004eec       0x34 CMakeFiles/main.dir/home/oswaldo/pico/pico-sdk/lib/tinyusb/src/portable/raspberrypi/rp2040/dcd_rp2040.c.obj
 .text.hw_endpoint_clear_stall
                0x0000000010004f20        0xc CMakeFiles/main.dir/home/oswaldo/pico/pico-sdk/lib/tinyusb/src/portable/raspberrypi/rp2040/dcd_rp2040.c.obj
 .text.dcd_int_enable
                0x0000000010004f2c       0x2c CMakeFiles/main.dir/home/oswaldo/pico/pico-sdk/lib/tinyusb/src/portable/raspberrypi/rp2040/dcd_rp2040.c.obj
                0x0000000010004f2c                dcd_int_enable
 .text.dcd_set_address
                0x0000000010004f58       0x30 CMakeFiles/main.dir/home/oswaldo/pico/pico-sdk/lib/tinyusb/src/portable/raspberrypi/rp2040/dcd_rp2040.c.obj
                0x0000000010004f58                dcd_set_address
 .text.dcd_connect
                0x0000000010004f88       0x30 CMakeFiles/main.dir/home/oswaldo/pico/pico-sdk/lib/tinyusb/src/portable/raspberrypi/rp2040/dcd_rp2040.c.obj
                0x0000000010004f88                dcd_connect
 .text.dcd_init
                0x0000000010004fb8       0x90 CMakeFiles/main.dir/home/oswaldo/pico/pico-sdk/lib/tinyusb/src/portable/raspberrypi/rp2040/dcd_rp2040.c.obj
                0x0000000010004fb8                dcd_init
 .text.dcd_edpt0_status_complete
                0x0000000010005048       0x44 CMakeFiles/main.dir/home/oswaldo/pico/pico-sdk/lib/tinyusb/src/portable/raspberrypi/rp2040/dcd_rp2040.c.obj
                0x0000000010005048                dcd_edpt0_status_complete
 .text.dcd_edpt_open
                0x000000001000508c       0x40 CMakeFiles/main.dir/home/oswaldo/pico/pico-sdk/lib/tinyusb/src/portable/raspberrypi/rp2040/dcd_rp2040.c.obj
                0x000000001000508c                dcd_edpt_open
 .text.dcd_edpt_xfer
                0x00000000100050cc       0x34 CMakeFiles/main.dir/home/oswaldo/pico/pico-sdk/lib/tinyusb/src/portable/raspberrypi/rp2040/dcd_rp2040.c.obj
                0x00000000100050cc                dcd_edpt_xfer
 .text.dcd_edpt_stall
                0x0000000010005100       0x28 CMakeFiles/main.dir/home/oswaldo/pico/pico-sdk/lib/tinyusb/src/portable/raspberrypi/rp2040/dcd_rp2040.c.obj
                0x0000000010005100                dcd_edpt_stall
 .text.dcd_edpt_clear_stall
                0x0000000010005128       0x28 CMakeFiles/main.dir/home/oswaldo/pico/pico-sdk/lib/tinyusb/src/portable/raspberrypi/rp2040/dcd_rp2040.c.obj
                0x0000000010005128                dcd_edpt_clear_stall
 .text.rp2040_usb_init
                0x0000000010005150       0x50 CMakeFiles/main.dir/home/oswaldo/pico/pico-sdk/lib/tinyusb/src/portable/raspberrypi/rp2040/rp2040_usb.c.obj
                0x0000000010005150                rp2040_usb_init
 .text.hw_endpoint_reset_transfer
                0x00000000100051a0       0x14 CMakeFiles/main.dir/home/oswaldo/pico/pico-sdk/lib/tinyusb/src/portable/raspberrypi/rp2040/rp2040_usb.c.obj
                0x00000000100051a0                hw_endpoint_reset_transfer
 .text._hw_endpoint_buffer_control_update32
                0x00000000100051b4       0x54 CMakeFiles/main.dir/home/oswaldo/pico/pico-sdk/lib/tinyusb/src/portable/raspberrypi/rp2040/rp2040_usb.c.obj
                0x00000000100051b4                _hw_endpoint_buffer_control_update32
 .text._hw_endpoint_start_next_buffer
                0x0000000010005208       0x5a CMakeFiles/main.dir/home/oswaldo/pico/pico-sdk/lib/tinyusb/src/portable/raspberrypi/rp2040/rp2040_usb.c.obj
                0x0000000010005208                _hw_endpoint_start_next_buffer
 .text._hw_endpoint_xfer_start
                0x0000000010005262       0x44 CMakeFiles/main.dir/home/oswaldo/pico/pico-sdk/lib/tinyusb/src/portable/raspberrypi/rp2040/rp2040_usb.c.obj
                0x0000000010005262                _hw_endpoint_xfer_start
 *fill*         0x00000000100052a6        0x2 
 .text._hw_endpoint_xfer_sync
                0x00000000100052a8       0x74 CMakeFiles/main.dir/home/oswaldo/pico/pico-sdk/lib/tinyusb/src/portable/raspberrypi/rp2040/rp2040_usb.c.obj
                0x00000000100052a8                _hw_endpoint_xfer_sync
 .text._hw_endpoint_xfer_continue
                0x000000001000531c       0x58 CMakeFiles/main.dir/home/oswaldo/pico/pico-sdk/lib/tinyusb/src/portable/raspberrypi/rp2040/rp2040_usb.c.obj
                0x000000001000531c                _hw_endpoint_xfer_continue
 .text._hw_endpoint_xfer
                0x0000000010005374       0x34 CMakeFiles/main.dir/home/oswaldo/pico/pico-sdk/lib/tinyusb/src/portable/raspberrypi/rp2040/rp2040_usb.c.obj
                0x0000000010005374                _hw_endpoint_xfer
 .text.mark_interface_endpoint
                0x00000000100053a8       0x2a CMakeFiles/main.dir/home/oswaldo/pico/pico-sdk/lib/tinyusb/src/device/usbd.c.obj
 *fill*         0x00000000100053d2        0x2 
 .text.usbd_reset
                0x00000000100053d4       0x8c CMakeFiles/main.dir/home/oswaldo/pico/pico-sdk/lib/tinyusb/src/device/usbd.c.obj
 .text.invoke_class_control
                0x0000000010005460       0x18 CMakeFiles/main.dir/home/oswaldo/pico/pico-sdk/lib/tinyusb/src/device/usbd.c.obj
 .text.process_set_config
                0x0000000010005478      0x1d8 CMakeFiles/main.dir/home/oswaldo/pico/pico-sdk/lib/tinyusb/src/device/usbd.c.obj
 .text.process_get_descriptor
                0x0000000010005650      0x100 CMakeFiles/main.dir/home/oswaldo/pico/pico-sdk/lib/tinyusb/src/device/usbd.c.obj
 .text.tud_mounted
                0x0000000010005750       0x10 CMakeFiles/main.dir/home/oswaldo/pico/pico-sdk/lib/tinyusb/src/device/usbd.c.obj
                0x0000000010005750                tud_mounted
 .text.tud_suspended
                0x0000000010005760       0x10 CMakeFiles/main.dir/home/oswaldo/pico/pico-sdk/lib/tinyusb/src/device/usbd.c.obj
                0x0000000010005760                tud_suspended
 .text.tud_init
                0x0000000010005770       0xb8 CMakeFiles/main.dir/home/oswaldo/pico/pico-sdk/lib/tinyusb/src/device/usbd.c.obj
                0x0000000010005770                tud_init
 .text.dcd_event_handler
                0x0000000010005828      0x1c0 CMakeFiles/main.dir/home/oswaldo/pico/pico-sdk/lib/tinyusb/src/device/usbd.c.obj
                0x0000000010005828                dcd_event_handler
 .text.dcd_event_bus_signal
                0x00000000100059e8       0x26 CMakeFiles/main.dir/home/oswaldo/pico/pico-sdk/lib/tinyusb/src/device/usbd.c.obj
                0x00000000100059e8                dcd_event_bus_signal
 .text.dcd_event_setup_received
                0x0000000010005a0e       0x32 CMakeFiles/main.dir/home/oswaldo/pico/pico-sdk/lib/tinyusb/src/device/usbd.c.obj
                0x0000000010005a0e                dcd_event_setup_received
 .text.dcd_event_xfer_complete
                0x0000000010005a40       0x44 CMakeFiles/main.dir/home/oswaldo/pico/pico-sdk/lib/tinyusb/src/device/usbd.c.obj
                0x0000000010005a40                dcd_event_xfer_complete
 .text.usbd_edpt_open
                0x0000000010005a84        0x8 CMakeFiles/main.dir/home/oswaldo/pico/pico-sdk/lib/tinyusb/src/device/usbd.c.obj
                0x0000000010005a84                usbd_edpt_open
 .text.usbd_open_edpt_pair
                0x0000000010005a8c       0x8c CMakeFiles/main.dir/home/oswaldo/pico/pico-sdk/lib/tinyusb/src/device/usbd.c.obj
                0x0000000010005a8c                usbd_open_edpt_pair
 .text.usbd_edpt_claim
                0x0000000010005b18       0x8c CMakeFiles/main.dir/home/oswaldo/pico/pico-sdk/lib/tinyusb/src/device/usbd.c.obj
                0x0000000010005b18                usbd_edpt_claim
 .text.usbd_edpt_release
                0x0000000010005ba4       0x68 CMakeFiles/main.dir/home/oswaldo/pico/pico-sdk/lib/tinyusb/src/device/usbd.c.obj
                0x0000000010005ba4                usbd_edpt_release
 .text.usbd_edpt_xfer
                0x0000000010005c0c       0x80 CMakeFiles/main.dir/home/oswaldo/pico/pico-sdk/lib/tinyusb/src/device/usbd.c.obj
                0x0000000010005c0c                usbd_edpt_xfer
 .text.usbd_edpt_stall
                0x0000000010005c8c       0x2c CMakeFiles/main.dir/home/oswaldo/pico/pico-sdk/lib/tinyusb/src/device/usbd.c.obj
                0x0000000010005c8c                usbd_edpt_stall
 .text.usbd_edpt_clear_stall
                0x0000000010005cb8       0x2c CMakeFiles/main.dir/home/oswaldo/pico/pico-sdk/lib/tinyusb/src/device/usbd.c.obj
                0x0000000010005cb8                usbd_edpt_clear_stall
 .text.usbd_edpt_stalled
                0x0000000010005ce4       0x1c CMakeFiles/main.dir/home/oswaldo/pico/pico-sdk/lib/tinyusb/src/device/usbd.c.obj
                0x0000000010005ce4                usbd_edpt_stalled
 .text.process_control_request
                0x0000000010005d00      0x384 CMakeFiles/main.dir/home/oswaldo/pico/pico-sdk/lib/tinyusb/src/device/usbd.c.obj
 .text.tud_task
                0x0000000010006084      0x208 CMakeFiles/main.dir/home/oswaldo/pico/pico-sdk/lib/tinyusb/src/device/usbd.c.obj
                0x0000000010006084                tud_task
 .text._data_stage_xact
                0x000000001000628c       0x58 CMakeFiles/main.dir/home/oswaldo/pico/pico-sdk/lib/tinyusb/src/device/usbd_control.c.obj
 .text.tud_control_status
                0x00000000100062e4       0x38 CMakeFiles/main.dir/home/oswaldo/pico/pico-sdk/lib/tinyusb/src/device/usbd_control.c.obj
                0x00000000100062e4                tud_control_status
 .text.tud_control_xfer
                0x000000001000631c       0xa4 CMakeFiles/main.dir/home/oswaldo/pico/pico-sdk/lib/tinyusb/src/device/usbd_control.c.obj
                0x000000001000631c                tud_control_xfer
 .text.usbd_control_reset
                0x00000000100063c0       0x14 CMakeFiles/main.dir/home/oswaldo/pico/pico-sdk/lib/tinyusb/src/device/usbd_control.c.obj
                0x00000000100063c0                usbd_control_reset
 .text.usbd_control_set_complete_callback
                0x00000000100063d4        0xc CMakeFiles/main.dir/home/oswaldo/pico/pico-sdk/lib/tinyusb/src/device/usbd_control.c.obj
                0x00000000100063d4                usbd_control_set_complete_callback
 .text.usbd_control_set_request
                0x00000000100063e0       0x1c CMakeFiles/main.dir/home/oswaldo/pico/pico-sdk/lib/tinyusb/src/device/usbd_control.c.obj
                0x00000000100063e0                usbd_control_set_request
 .text.usbd_control_xfer_cb
                0x00000000100063fc       0xf0 CMakeFiles/main.dir/home/oswaldo/pico/pico-sdk/lib/tinyusb/src/device/usbd_control.c.obj
                0x00000000100063fc                usbd_control_xfer_cb
 .text._prep_out_transaction
                0x00000000100064ec       0x46 CMakeFiles/main.dir/home/oswaldo/pico/pico-sdk/lib/tinyusb/src/class/cdc/cdc_device.c.obj
 *fill*         0x0000000010006532        0x2 
 .text.tud_cdc_n_connected
                0x0000000010006534       0x44 CMakeFiles/main.dir/home/oswaldo/pico/pico-sdk/lib/tinyusb/src/class/cdc/cdc_device.c.obj
                0x0000000010006534                tud_cdc_n_connected
 .text.tud_cdc_n_available
                0x0000000010006578       0x1c CMakeFiles/main.dir/home/oswaldo/pico/pico-sdk/lib/tinyusb/src/class/cdc/cdc_device.c.obj
                0x0000000010006578                tud_cdc_n_available
 .text.tud_cdc_n_read
                0x0000000010006594       0x28 CMakeFiles/main.dir/home/oswaldo/pico/pico-sdk/lib/tinyusb/src/class/cdc/cdc_device.c.obj
                0x0000000010006594                tud_cdc_n_read
 .text.tud_cdc_n_write_flush
                0x00000000100065bc       0xb0 CMakeFiles/main.dir/home/oswaldo/pico/pico-sdk/lib/tinyusb/src/class/cdc/cdc_device.c.obj
                0x00000000100065bc                tud_cdc_n_write_flush
 .text.tud_cdc_n_write
                0x000000001000666c       0x34 CMakeFiles/main.dir/home/oswaldo/pico/pico-sdk/lib/tinyusb/src/class/cdc/cdc_device.c.obj
                0x000000001000666c                tud_cdc_n_write
 .text.tud_cdc_n_write_available
                0x00000000100066a0       0x1c CMakeFiles/main.dir/home/oswaldo/pico/pico-sdk/lib/tinyusb/src/class/cdc/cdc_device.c.obj
                0x00000000100066a0                tud_cdc_n_write_available
 .text.cdcd_init
                0x00000000100066bc       0xb0 CMakeFiles/main.dir/home/oswaldo/pico/pico-sdk/lib/tinyusb/src/class/cdc/cdc_device.c.obj
                0x00000000100066bc                cdcd_init
 .text.cdcd_reset
                0x000000001000676c       0x3c CMakeFiles/main.dir/home/oswaldo/pico/pico-sdk/lib/tinyusb/src/class/cdc/cdc_device.c.obj
                0x000000001000676c                cdcd_reset
 .text.cdcd_open
                0x00000000100067a8      0x114 CMakeFiles/main.dir/home/oswaldo/pico/pico-sdk/lib/tinyusb/src/class/cdc/cdc_device.c.obj
                0x00000000100067a8                cdcd_open
 .text.cdcd_control_complete
                0x00000000100068bc       0x60 CMakeFiles/main.dir/home/oswaldo/pico/pico-sdk/lib/tinyusb/src/class/cdc/cdc_device.c.obj
                0x00000000100068bc                cdcd_control_complete
 .text.cdcd_control_request
                0x000000001000691c       0x9c CMakeFiles/main.dir/home/oswaldo/pico/pico-sdk/lib/tinyusb/src/class/cdc/cdc_device.c.obj
                0x000000001000691c                cdcd_control_request
 .text.cdcd_xfer_cb
                0x00000000100069b8      0x12c CMakeFiles/main.dir/home/oswaldo/pico/pico-sdk/lib/tinyusb/src/class/cdc/cdc_device.c.obj
                0x00000000100069b8                cdcd_xfer_cb
 .text.tusb_init
                0x0000000010006ae4       0x38 CMakeFiles/main.dir/home/oswaldo/pico/pico-sdk/lib/tinyusb/src/tusb.c.obj
                0x0000000010006ae4                tusb_init
 .text.tusb_inited
                0x0000000010006b1c        0xc CMakeFiles/main.dir/home/oswaldo/pico/pico-sdk/lib/tinyusb/src/tusb.c.obj
                0x0000000010006b1c                tusb_inited
 .text.advance_pointer
                0x0000000010006b28       0x20 CMakeFiles/main.dir/home/oswaldo/pico/pico-sdk/lib/tinyusb/src/common/tusb_fifo.c.obj
 .text.backward_pointer
                0x0000000010006b48       0x20 CMakeFiles/main.dir/home/oswaldo/pico/pico-sdk/lib/tinyusb/src/common/tusb_fifo.c.obj
 .text.get_relative_pointer
                0x0000000010006b68       0x16 CMakeFiles/main.dir/home/oswaldo/pico/pico-sdk/lib/tinyusb/src/common/tusb_fifo.c.obj
 .text.tu_fifo_lock
                0x0000000010006b7e       0x12 CMakeFiles/main.dir/home/oswaldo/pico/pico-sdk/lib/tinyusb/src/common/tusb_fifo.c.obj
 .text.tu_fifo_unlock
                0x0000000010006b90        0xe CMakeFiles/main.dir/home/oswaldo/pico/pico-sdk/lib/tinyusb/src/common/tusb_fifo.c.obj
 .text._tu_fifo_peek_at
                0x0000000010006b9e       0x5e CMakeFiles/main.dir/home/oswaldo/pico/pico-sdk/lib/tinyusb/src/common/tusb_fifo.c.obj
 .text._ff_pull_n
                0x0000000010006bfc       0x4a CMakeFiles/main.dir/home/oswaldo/pico/pico-sdk/lib/tinyusb/src/common/tusb_fifo.c.obj
 .text._tu_fifo_peek_at_n
                0x0000000010006c46       0x72 CMakeFiles/main.dir/home/oswaldo/pico/pico-sdk/lib/tinyusb/src/common/tusb_fifo.c.obj
 .text._ff_push_n
                0x0000000010006cb8       0x4a CMakeFiles/main.dir/home/oswaldo/pico/pico-sdk/lib/tinyusb/src/common/tusb_fifo.c.obj
 .text.tu_fifo_config
                0x0000000010006d02       0x4c CMakeFiles/main.dir/home/oswaldo/pico/pico-sdk/lib/tinyusb/src/common/tusb_fifo.c.obj
                0x0000000010006d02                tu_fifo_config
 .text.tu_fifo_count
                0x0000000010006d4e       0x1a CMakeFiles/main.dir/home/oswaldo/pico/pico-sdk/lib/tinyusb/src/common/tusb_fifo.c.obj
                0x0000000010006d4e                tu_fifo_count
 .text.tu_fifo_remaining
                0x0000000010006d68       0x20 CMakeFiles/main.dir/home/oswaldo/pico/pico-sdk/lib/tinyusb/src/common/tusb_fifo.c.obj
                0x0000000010006d68                tu_fifo_remaining
 .text.tu_fifo_read
                0x0000000010006d88       0x3a CMakeFiles/main.dir/home/oswaldo/pico/pico-sdk/lib/tinyusb/src/common/tusb_fifo.c.obj
                0x0000000010006d88                tu_fifo_read
 .text.tu_fifo_read_n
                0x0000000010006dc2       0x3e CMakeFiles/main.dir/home/oswaldo/pico/pico-sdk/lib/tinyusb/src/common/tusb_fifo.c.obj
                0x0000000010006dc2                tu_fifo_read_n
 .text.tu_fifo_write
                0x0000000010006e00       0x5e CMakeFiles/main.dir/home/oswaldo/pico/pico-sdk/lib/tinyusb/src/common/tusb_fifo.c.obj
                0x0000000010006e00                tu_fifo_write
 .text.tu_fifo_write_n
                0x0000000010006e5e       0x7c CMakeFiles/main.dir/home/oswaldo/pico/pico-sdk/lib/tinyusb/src/common/tusb_fifo.c.obj
                0x0000000010006e5e                tu_fifo_write_n
 .text.tu_fifo_clear
                0x0000000010006eda       0x18 CMakeFiles/main.dir/home/oswaldo/pico/pico-sdk/lib/tinyusb/src/common/tusb_fifo.c.obj
                0x0000000010006eda                tu_fifo_clear
 .text.i2c_write_blocking_internal
                0x0000000010006ef2       0xec CMakeFiles/main.dir/home/oswaldo/pico/pico-sdk/src/rp2_common/hardware_i2c/i2c.c.obj
 .text.i2c_set_baudrate
                0x0000000010006fde       0x68 CMakeFiles/main.dir/home/oswaldo/pico/pico-sdk/src/rp2_common/hardware_i2c/i2c.c.obj
                0x0000000010006fde                i2c_set_baudrate
 *fill*         0x0000000010007046        0x2 
 .text.i2c_init
                0x0000000010007048       0x54 CMakeFiles/main.dir/home/oswaldo/pico/pico-sdk/src/rp2_common/hardware_i2c/i2c.c.obj
                0x0000000010007048                i2c_init
 .text.i2c_write_blocking
                0x000000001000709c       0x18 CMakeFiles/main.dir/home/oswaldo/pico/pico-sdk/src/rp2_common/hardware_i2c/i2c.c.obj
                0x000000001000709c                i2c_write_blocking
 .text.i2c_write_byte
                0x00000000100070b4       0x20 libLCD_I2C.a(LCD_I2C.c.obj)
                0x00000000100070b4                i2c_write_byte
 .text.lcd_toggle_enable
                0x00000000100070d4       0x38 libLCD_I2C.a(LCD_I2C.c.obj)
                0x00000000100070d4                lcd_toggle_enable
 .text.lcd_send_byte
                0x000000001000710c       0x38 libLCD_I2C.a(LCD_I2C.c.obj)
                0x000000001000710c                lcd_send_byte
 .text.lcd_clear
                0x0000000010007144        0xc libLCD_I2C.a(LCD_I2C.c.obj)
                0x0000000010007144                lcd_clear
 .text.lcd_set_cursor
                0x0000000010007150       0x1a libLCD_I2C.a(LCD_I2C.c.obj)
                0x0000000010007150                lcd_set_cursor
 .text.lcd_string
                0x000000001000716a       0x16 libLCD_I2C.a(LCD_I2C.c.obj)
                0x000000001000716a                lcd_string
 .text.lcd_print
                0x0000000010007180       0x1e libLCD_I2C.a(LCD_I2C.c.obj)
                0x0000000010007180                lcd_print
 *fill*         0x000000001000719e        0x2 
 .text.lcd_init
                0x00000000100071a0       0x74 libLCD_I2C.a(LCD_I2C.c.obj)
                0x00000000100071a0                lcd_init
 .text.keypad_init
                0x0000000010007214       0x48 libkeypad_4x4.a(keypad_4x4.c.obj)
                0x0000000010007214                keypad_init
 .text.keypad_get_key
                0x000000001000725c       0xcc libkeypad_4x4.a(keypad_4x4.c.obj)
                0x000000001000725c                keypad_get_key
 .text.keypad_irq_enable
                0x0000000010007328       0x28 libkeypad_4x4.a(keypad_4x4.c.obj)
                0x0000000010007328                keypad_irq_enable
 .text.picoServo_setDegree
                0x0000000010007350       0x48 libpicoServo.a(picoServo.c.obj)
                0x0000000010007350                picoServo_setDegree
 .text.picoServo_init
                0x0000000010007398       0xb0 libpicoServo.a(picoServo.c.obj)
                0x0000000010007398                picoServo_init
 .text          0x0000000010007448       0x10 /usr/lib/gcc/arm-none-eabi/6.3.1/../../../arm-none-eabi/lib/thumb/v6-m/libg.a(lib_a-strcpy.o)
                0x0000000010007448                strcpy
 .text          0x0000000010007458       0x64 /usr/lib/gcc/arm-none-eabi/6.3.1/../../../arm-none-eabi/lib/thumb/v6-m/libg.a(lib_a-strlen-stub.o)
                0x0000000010007458                strlen
 .text          0x00000000100074bc       0x64 /usr/lib/gcc/arm-none-eabi/6.3.1/../../../arm-none-eabi/lib/thumb/v6-m/libg.a(lib_a-strncat.o)
                0x00000000100074bc                strncat
 *(.fini)
 .fini          0x0000000010007520        0x4 /usr/lib/gcc/arm-none-eabi/6.3.1/thumb/v6-m/crti.o
                0x0000000010007520                _fini
 *fill*         0x0000000010007524        0x4 
 .fini.__stub   0x0000000010007528       0x60 linker stubs
 *crtbegin.o(.ctors)
 *crtbegin?.o(.ctors)
 *(EXCLUDE_FILE(*crtend.o *crtend?.o) .ctors)
 *(SORT(.ctors.*))
 *(.ctors)
 *crtbegin.o(.dtors)
 *crtbegin?.o(.dtors)
 *(EXCLUDE_FILE(*crtend.o *crtend?.o) .dtors)
 *(SORT(.dtors.*))
 *(.dtors)
 *(.eh_frame*)
 .eh_frame      0x0000000010007588        0x0 /usr/lib/gcc/arm-none-eabi/6.3.1/thumb/v6-m/crtbegin.o
                0x0000000010007588                . = ALIGN (0x4)

.glue_7         0x0000000010007588        0x0
 .glue_7        0x0000000010007588        0x0 linker stubs

.glue_7t        0x0000000010007588        0x0
 .glue_7t       0x0000000010007588        0x0 linker stubs

.vfp11_veneer   0x0000000010007588        0x0
 .vfp11_veneer  0x0000000010007588        0x0 linker stubs

.v4_bx          0x0000000010007588        0x0
 .v4_bx         0x0000000010007588        0x0 linker stubs

.iplt           0x0000000010007588        0x0
 .iplt          0x0000000010007588        0x0 /usr/lib/gcc/arm-none-eabi/6.3.1/thumb/v6-m/crtbegin.o

.rodata         0x0000000010007588     0x1698
 *(EXCLUDE_FILE(*libm.a: *libc.a:*lib_a-mem*.o *libgcc.a:) .rodata*)
 .rodata.printMenu
                0x0000000010007588       0x34 CMakeFiles/main.dir/src/main.c.obj
 .rodata.change_state
                0x00000000100075bc       0x34 CMakeFiles/main.dir/src/main.c.obj
 .rodata.__func__.5141
                0x00000000100075f0       0x15 CMakeFiles/main.dir/src/main.c.obj
 *fill*         0x0000000010007605        0x3 
 .rodata.change_state.str1.4
                0x0000000010007608       0x32 CMakeFiles/main.dir/src/main.c.obj
 *fill*         0x000000001000763a        0x2 
 .rodata.gpio_callback.str1.4
                0x000000001000763c       0x62 CMakeFiles/main.dir/src/main.c.obj
 *fill*         0x000000001000769e        0x2 
 .rodata.main.str1.4
                0x00000000100076a0        0xc CMakeFiles/main.dir/src/main.c.obj
 .rodata.printMenu.str1.4
                0x00000000100076ac      0x16e CMakeFiles/main.dir/src/main.c.obj
 *fill*         0x000000001000781a        0x2 
 .rodata.spin_lock_claim_unused.str1.4
                0x000000001000781c       0x1b CMakeFiles/main.dir/home/oswaldo/pico/pico-sdk/src/rp2_common/hardware_sync/sync.c.obj
 *fill*         0x0000000010007837        0x1 
 .rodata.__func__.5551
                0x0000000010007838       0x15 CMakeFiles/main.dir/home/oswaldo/pico/pico-sdk/src/common/pico_time/time.c.obj
 *fill*         0x000000001000784d        0x3 
 .rodata.__func__.5848
                0x0000000010007850        0xc CMakeFiles/main.dir/home/oswaldo/pico/pico-sdk/src/common/pico_time/time.c.obj
 .rodata.__func__.5855
                0x000000001000785c       0x12 CMakeFiles/main.dir/home/oswaldo/pico/pico-sdk/src/common/pico_time/time.c.obj
 *fill*         0x000000001000786e        0x2 
 .rodata.__func__.5871
                0x0000000010007870        0xf CMakeFiles/main.dir/home/oswaldo/pico/pico-sdk/src/common/pico_time/time.c.obj
 *fill*         0x000000001000787f        0x1 
 .rodata.__func__.5893
                0x0000000010007880        0xd CMakeFiles/main.dir/home/oswaldo/pico/pico-sdk/src/common/pico_time/time.c.obj
 *fill*         0x000000001000788d        0x3 
 .rodata.__func__.6012
                0x0000000010007890        0xa CMakeFiles/main.dir/home/oswaldo/pico/pico-sdk/src/common/pico_time/time.c.obj
 *fill*         0x000000001000789a        0x2 
 .rodata.__func__.6017
                0x000000001000789c       0x12 CMakeFiles/main.dir/home/oswaldo/pico/pico-sdk/src/common/pico_time/time.c.obj
 *fill*         0x00000000100078ae        0x2 
 .rodata.__func__.6032
                0x00000000100078b0       0x17 CMakeFiles/main.dir/home/oswaldo/pico/pico-sdk/src/common/pico_time/time.c.obj
 *fill*         0x00000000100078c7        0x1 
 .rodata.__func__.6043
                0x00000000100078c8       0x15 CMakeFiles/main.dir/home/oswaldo/pico/pico-sdk/src/common/pico_time/time.c.obj
 *fill*         0x00000000100078dd        0x3 
 .rodata.__func__.6060
                0x00000000100078e0       0x1a CMakeFiles/main.dir/home/oswaldo/pico/pico-sdk/src/common/pico_time/time.c.obj
 *fill*         0x00000000100078fa        0x2 
 .rodata.__func__.6099
                0x00000000100078fc       0x18 CMakeFiles/main.dir/home/oswaldo/pico/pico-sdk/src/common/pico_time/time.c.obj
 .rodata.add_alarm_under_lock.str1.4
                0x0000000010007914       0x28 CMakeFiles/main.dir/home/oswaldo/pico/pico-sdk/src/common/pico_time/time.c.obj
                                         0x2b (size before relaxing)
 .rodata.alarm_pool_alarm_callback.str1.4
                0x000000001000793c       0x82 CMakeFiles/main.dir/home/oswaldo/pico/pico-sdk/src/common/pico_time/time.c.obj
                                         0xe6 (size before relaxing)
 *fill*         0x00000000100079be        0x2 
 .rodata.alarm_pool_cancel_alarm.str1.4
                0x00000000100079c0       0x27 CMakeFiles/main.dir/home/oswaldo/pico/pico-sdk/src/common/pico_time/time.c.obj
 *fill*         0x00000000100079e7        0x1 
 .rodata.alarm_pool_dump_key.str1.4
                0x00000000100079e8       0x33 CMakeFiles/main.dir/home/oswaldo/pico/pico-sdk/src/common/pico_time/time.c.obj
 *fill*         0x0000000010007a1b        0x1 
 .rodata.alarm_pool_get_default.str1.4
                0x0000000010007a1c       0x21 CMakeFiles/main.dir/home/oswaldo/pico/pico-sdk/src/common/pico_time/time.c.obj
 *fill*         0x0000000010007a3d        0x3 
 .rodata.ph_add_child_node.str1.4
                0x0000000010007a40       0x96 CMakeFiles/main.dir/home/oswaldo/pico/pico-sdk/src/common/pico_time/time.c.obj
 *fill*         0x0000000010007ad6        0x2 
 .rodata.repeating_timer_callback.str1.4
                0x0000000010007ad8       0x4c CMakeFiles/main.dir/home/oswaldo/pico/pico-sdk/src/common/pico_time/time.c.obj
 .rodata.__func__.4185
                0x0000000010007b24       0x15 CMakeFiles/main.dir/home/oswaldo/pico/pico-sdk/src/rp2_common/hardware_timer/timer.c.obj
 *fill*         0x0000000010007b39        0x3 
 .rodata.__func__.4507
                0x0000000010007b3c       0x1a CMakeFiles/main.dir/home/oswaldo/pico/pico-sdk/src/rp2_common/hardware_timer/timer.c.obj
 .rodata.busy_wait_us.str1.4
                0x0000000010007b56       0x62 CMakeFiles/main.dir/home/oswaldo/pico/pico-sdk/src/rp2_common/hardware_timer/timer.c.obj
 *fill*         0x0000000010007b56        0x2 
 .rodata.hardware_alarm_claim.str1.4
                0x0000000010007b58       0x22 CMakeFiles/main.dir/home/oswaldo/pico/pico-sdk/src/rp2_common/hardware_timer/timer.c.obj
 *fill*         0x0000000010007b7a        0x2 
 .rodata.hardware_alarm_set_target.str1.4
                0x0000000010007b7c       0x66 CMakeFiles/main.dir/home/oswaldo/pico/pico-sdk/src/rp2_common/hardware_timer/timer.c.obj
 *fill*         0x0000000010007be2        0x2 
 .rodata.__func__.4185
                0x0000000010007be4       0x15 CMakeFiles/main.dir/home/oswaldo/pico/pico-sdk/src/common/pico_sync/mutex.c.obj
 *fill*         0x0000000010007bf9        0x3 
 .rodata.__func__.4562
                0x0000000010007bfc       0x15 CMakeFiles/main.dir/home/oswaldo/pico/pico-sdk/src/common/pico_sync/mutex.c.obj
 *fill*         0x0000000010007c11        0x3 
 .rodata.__func__.4581
                0x0000000010007c14       0x18 CMakeFiles/main.dir/home/oswaldo/pico/pico-sdk/src/common/pico_sync/mutex.c.obj
 .rodata.__func__.4590
                0x0000000010007c2c        0xb CMakeFiles/main.dir/home/oswaldo/pico/pico-sdk/src/common/pico_sync/mutex.c.obj
 *fill*         0x0000000010007c37        0x1 
 .rodata.str1.4
                0x0000000010007c38       0x60 CMakeFiles/main.dir/home/oswaldo/pico/pico-sdk/src/common/pico_sync/mutex.c.obj
                                         0xc4 (size before relaxing)
 .rodata.__func__.5624
                0x0000000010007c98        0xc CMakeFiles/main.dir/home/oswaldo/pico/pico-sdk/src/common/pico_util/pheap.c.obj
 .rodata.__func__.5631
                0x0000000010007ca4       0x12 CMakeFiles/main.dir/home/oswaldo/pico/pico-sdk/src/common/pico_util/pheap.c.obj
 *fill*         0x0000000010007cb6        0x2 
 .rodata.__func__.5717
                0x0000000010007cb8       0x13 CMakeFiles/main.dir/home/oswaldo/pico/pico-sdk/src/common/pico_util/pheap.c.obj
 *fill*         0x0000000010007ccb        0x1 
 .rodata.__func__.5735
                0x0000000010007ccc       0x18 CMakeFiles/main.dir/home/oswaldo/pico/pico-sdk/src/common/pico_util/pheap.c.obj
 .rodata.ph_add_child_node.str1.4
                0x0000000010007ce4       0x96 CMakeFiles/main.dir/home/oswaldo/pico/pico-sdk/src/common/pico_util/pheap.c.obj
 .rodata.ph_remove_and_free_node.str1.4
                0x0000000010007ce4       0x26 CMakeFiles/main.dir/home/oswaldo/pico/pico-sdk/src/common/pico_util/pheap.c.obj
 *fill*         0x0000000010007d0a        0x2 
 .rodata.ph_remove_any_head.str1.4
                0x0000000010007d0c       0x90 CMakeFiles/main.dir/home/oswaldo/pico/pico-sdk/src/common/pico_util/pheap.c.obj
 .rodata.__assert_func.str1.4
                0x0000000010007d9c       0x3f CMakeFiles/main.dir/home/oswaldo/pico/pico-sdk/src/rp2_common/pico_runtime/runtime.c.obj
                                         0x43 (size before relaxing)
 *fill*         0x0000000010007ddb        0x1 
 .rodata.panic.str1.4
                0x0000000010007ddc       0x10 CMakeFiles/main.dir/home/oswaldo/pico/pico-sdk/src/rp2_common/pico_runtime/runtime.c.obj
                                         0x12 (size before relaxing)
 .rodata.__func__.4627
                0x0000000010007dec       0x10 CMakeFiles/main.dir/home/oswaldo/pico/pico-sdk/src/rp2_common/hardware_clocks/clocks.c.obj
 .rodata.clock_configure.str1.4
                0x0000000010007dfc       0x58 CMakeFiles/main.dir/home/oswaldo/pico/pico-sdk/src/rp2_common/hardware_clocks/clocks.c.obj
 .rodata.__func__.4357
                0x0000000010007e54        0x9 CMakeFiles/main.dir/home/oswaldo/pico/pico-sdk/src/rp2_common/hardware_pll/pll.c.obj
 *fill*         0x0000000010007e5d        0x3 
 .rodata.pll_init.str1.4
                0x0000000010007e60       0xdb CMakeFiles/main.dir/home/oswaldo/pico/pico-sdk/src/rp2_common/hardware_pll/pll.c.obj
 *fill*         0x0000000010007f3b        0x1 
 .rodata.__func__.4466
                0x0000000010007f3c       0x1a CMakeFiles/main.dir/home/oswaldo/pico/pico-sdk/src/rp2_common/hardware_irq/irq.c.obj
 *fill*         0x0000000010007f56        0x2 
 .rodata.__func__.4480
                0x0000000010007f58        0xc CMakeFiles/main.dir/home/oswaldo/pico/pico-sdk/src/rp2_common/hardware_irq/irq.c.obj
 .rodata.__func__.4488
                0x0000000010007f64       0x17 CMakeFiles/main.dir/home/oswaldo/pico/pico-sdk/src/rp2_common/hardware_irq/irq.c.obj
 *fill*         0x0000000010007f7b        0x1 
 .rodata.__func__.4492
                0x0000000010007f7c        0xf CMakeFiles/main.dir/home/oswaldo/pico/pico-sdk/src/rp2_common/hardware_irq/irq.c.obj
 *fill*         0x0000000010007f8b        0x1 
 .rodata.__func__.4531
                0x0000000010007f8c       0x13 CMakeFiles/main.dir/home/oswaldo/pico/pico-sdk/src/rp2_common/hardware_irq/irq.c.obj
 *fill*         0x0000000010007f9f        0x1 
 .rodata.__func__.4550
                0x0000000010007fa0       0x1a CMakeFiles/main.dir/home/oswaldo/pico/pico-sdk/src/rp2_common/hardware_irq/irq.c.obj
 *fill*         0x0000000010007fba        0x2 
 .rodata.irq_add_shared_handler.str1.4
                0x0000000010007fbc       0xd9 CMakeFiles/main.dir/home/oswaldo/pico/pico-sdk/src/rp2_common/hardware_irq/irq.c.obj
 *fill*         0x0000000010008095        0x3 
 .rodata.irq_add_tail_to_free_list.str1.4
                0x0000000010008098       0x32 CMakeFiles/main.dir/home/oswaldo/pico/pico-sdk/src/rp2_common/hardware_irq/irq.c.obj
                                         0x3a (size before relaxing)
 *fill*         0x00000000100080ca        0x2 
 .rodata.irq_remove_handler.str1.4
                0x00000000100080cc       0x2a CMakeFiles/main.dir/home/oswaldo/pico/pico-sdk/src/rp2_common/hardware_irq/irq.c.obj
 *fill*         0x00000000100080f6        0x2 
 .rodata.irq_set_exclusive_handler.str1.4
                0x00000000100080f8       0x36 CMakeFiles/main.dir/home/oswaldo/pico/pico-sdk/src/rp2_common/hardware_irq/irq.c.obj
 *fill*         0x000000001000812e        0x2 
 .rodata.make_branch.str1.4
                0x0000000010008130       0x4e CMakeFiles/main.dir/home/oswaldo/pico/pico-sdk/src/rp2_common/hardware_irq/irq.c.obj
 *fill*         0x000000001000817e        0x2 
 .rodata._vsnprintf
                0x0000000010008180      0x1e0 CMakeFiles/main.dir/home/oswaldo/pico/pico-sdk/src/rp2_common/pico_printf/printf.c.obj
 .rodata._ftoa.str1.4
                0x0000000010008360       0x15 CMakeFiles/main.dir/home/oswaldo/pico/pico-sdk/src/rp2_common/pico_printf/printf.c.obj
 *fill*         0x0000000010008375        0x3 
 .rodata.pow10.5343
                0x0000000010008378       0x50 CMakeFiles/main.dir/home/oswaldo/pico/pico-sdk/src/rp2_common/pico_printf/printf.c.obj
 .rodata.__aeabi_double_init.str1.4
                0x00000000100083c8       0xa9 CMakeFiles/main.dir/home/oswaldo/pico/pico-sdk/src/rp2_common/pico_double/double_init_rom.c.obj
 *fill*         0x0000000010008471        0x3 
 .rodata.__func__.4602
                0x0000000010008474       0x14 CMakeFiles/main.dir/home/oswaldo/pico/pico-sdk/src/rp2_common/pico_double/double_init_rom.c.obj
 .rodata.__aeabi_float_init.str1.4
                0x0000000010008488       0x7b CMakeFiles/main.dir/home/oswaldo/pico/pico-sdk/src/rp2_common/pico_float/float_init_rom.c.obj
                                         0x7f (size before relaxing)
 *fill*         0x0000000010008503        0x1 
 .rodata.__func__.4604
                0x0000000010008504       0x13 CMakeFiles/main.dir/home/oswaldo/pico/pico-sdk/src/rp2_common/pico_float/float_init_rom.c.obj
 *fill*         0x0000000010008517        0x1 
 .rodata.__bi_44
                0x0000000010008518        0xc CMakeFiles/main.dir/home/oswaldo/pico/pico-sdk/src/rp2_common/pico_standard_link/binary_info.c.obj
 .rodata.__bi_75
                0x0000000010008524        0xc CMakeFiles/main.dir/home/oswaldo/pico/pico-sdk/src/rp2_common/pico_standard_link/binary_info.c.obj
 .rodata.__bi_81
                0x0000000010008530        0xc CMakeFiles/main.dir/home/oswaldo/pico/pico-sdk/src/rp2_common/pico_standard_link/binary_info.c.obj
 .rodata.str1.4
                0x000000001000853c       0x3c CMakeFiles/main.dir/home/oswaldo/pico/pico-sdk/src/rp2_common/pico_standard_link/binary_info.c.obj
 .rodata.crlf_str.5734
                0x0000000010008578        0x2 CMakeFiles/main.dir/home/oswaldo/pico/pico-sdk/src/rp2_common/pico_stdio/stdio.c.obj
 *fill*         0x000000001000857a        0x2 
 .rodata._resetd_driver
                0x000000001000857c       0x1c CMakeFiles/main.dir/home/oswaldo/pico/pico-sdk/src/rp2_common/pico_stdio_usb/reset_interface.c.obj
 .rodata.__bi_93.6933
                0x0000000010008598        0xc CMakeFiles/main.dir/home/oswaldo/pico/pico-sdk/src/rp2_common/pico_stdio_usb/stdio_usb.c.obj
 .rodata.__func__.5308
                0x00000000100085a4       0x15 CMakeFiles/main.dir/home/oswaldo/pico/pico-sdk/src/rp2_common/pico_stdio_usb/stdio_usb.c.obj
 .rodata.stdio_usb_init.str1.4
                0x00000000100085b9       0x62 CMakeFiles/main.dir/home/oswaldo/pico/pico-sdk/src/rp2_common/pico_stdio_usb/stdio_usb.c.obj
 *fill*         0x00000000100085b9        0x3 
 .rodata.str1.4
                0x00000000100085bc       0x13 CMakeFiles/main.dir/home/oswaldo/pico/pico-sdk/src/rp2_common/pico_stdio_usb/stdio_usb.c.obj
 *fill*         0x00000000100085cf        0x1 
 .rodata.str1.4
                0x00000000100085d0       0x3a CMakeFiles/main.dir/home/oswaldo/pico/pico-sdk/src/rp2_common/pico_stdio_usb/stdio_usb_descriptors.c.obj
 *fill*         0x000000001000860a        0x2 
 .rodata.usbd_desc_cfg
                0x000000001000860c       0x54 CMakeFiles/main.dir/home/oswaldo/pico/pico-sdk/src/rp2_common/pico_stdio_usb/stdio_usb_descriptors.c.obj
 .rodata.usbd_desc_device
                0x0000000010008660       0x12 CMakeFiles/main.dir/home/oswaldo/pico/pico-sdk/src/rp2_common/pico_stdio_usb/stdio_usb_descriptors.c.obj
 *fill*         0x0000000010008672        0x2 
 .rodata.usbd_desc_str
                0x0000000010008674       0x18 CMakeFiles/main.dir/home/oswaldo/pico/pico-sdk/src/rp2_common/pico_stdio_usb/stdio_usb_descriptors.c.obj
 .rodata.__func__.6644
                0x000000001000868c       0x13 CMakeFiles/main.dir/home/oswaldo/pico/pico-sdk/lib/tinyusb/src/portable/raspberrypi/rp2040/dcd_rp2040.c.obj
 *fill*         0x000000001000869f        0x1 
 .rodata.__func__.6675
                0x00000000100086a0       0x16 CMakeFiles/main.dir/home/oswaldo/pico/pico-sdk/lib/tinyusb/src/portable/raspberrypi/rp2040/dcd_rp2040.c.obj
 *fill*         0x00000000100086b6        0x2 
 .rodata.__func__.6696
                0x00000000100086b8       0x13 CMakeFiles/main.dir/home/oswaldo/pico/pico-sdk/lib/tinyusb/src/portable/raspberrypi/rp2040/dcd_rp2040.c.obj
 *fill*         0x00000000100086cb        0x1 
 .rodata.__func__.6717
                0x00000000100086cc        0x9 CMakeFiles/main.dir/home/oswaldo/pico/pico-sdk/lib/tinyusb/src/portable/raspberrypi/rp2040/dcd_rp2040.c.obj
 *fill*         0x00000000100086d5        0x3 
 .rodata.__func__.6721
                0x00000000100086d8        0xf CMakeFiles/main.dir/home/oswaldo/pico/pico-sdk/lib/tinyusb/src/portable/raspberrypi/rp2040/dcd_rp2040.c.obj
 *fill*         0x00000000100086e7        0x1 
 .rodata.__func__.6730
                0x00000000100086e8       0x10 CMakeFiles/main.dir/home/oswaldo/pico/pico-sdk/lib/tinyusb/src/portable/raspberrypi/rp2040/dcd_rp2040.c.obj
 .rodata.__func__.6742
                0x00000000100086f8        0xc CMakeFiles/main.dir/home/oswaldo/pico/pico-sdk/lib/tinyusb/src/portable/raspberrypi/rp2040/dcd_rp2040.c.obj
 .rodata.__func__.6747
                0x0000000010008704       0x1a CMakeFiles/main.dir/home/oswaldo/pico/pico-sdk/lib/tinyusb/src/portable/raspberrypi/rp2040/dcd_rp2040.c.obj
 *fill*         0x000000001000871e        0x2 
 .rodata.__func__.6752
                0x0000000010008720        0xe CMakeFiles/main.dir/home/oswaldo/pico/pico-sdk/lib/tinyusb/src/portable/raspberrypi/rp2040/dcd_rp2040.c.obj
 *fill*         0x000000001000872e        0x2 
 .rodata.__func__.6759
                0x0000000010008730        0xe CMakeFiles/main.dir/home/oswaldo/pico/pico-sdk/lib/tinyusb/src/portable/raspberrypi/rp2040/dcd_rp2040.c.obj
 *fill*         0x000000001000873e        0x2 
 .rodata.__func__.6764
                0x0000000010008740        0xf CMakeFiles/main.dir/home/oswaldo/pico/pico-sdk/lib/tinyusb/src/portable/raspberrypi/rp2040/dcd_rp2040.c.obj
 *fill*         0x000000001000874f        0x1 
 .rodata.__func__.6769
                0x0000000010008750       0x15 CMakeFiles/main.dir/home/oswaldo/pico/pico-sdk/lib/tinyusb/src/portable/raspberrypi/rp2040/dcd_rp2040.c.obj
 *fill*         0x0000000010008765        0x3 
 .rodata._hw_endpoint_alloc.str1.4
                0x0000000010008768       0xb9 CMakeFiles/main.dir/home/oswaldo/pico/pico-sdk/lib/tinyusb/src/portable/raspberrypi/rp2040/dcd_rp2040.c.obj
 *fill*         0x0000000010008821        0x3 
 .rodata._hw_endpoint_init.str1.4
                0x0000000010008824       0x28 CMakeFiles/main.dir/home/oswaldo/pico/pico-sdk/lib/tinyusb/src/portable/raspberrypi/rp2040/dcd_rp2040.c.obj
 .rodata._hw_endpoint_stall.str1.4
                0x000000001000884c        0xd CMakeFiles/main.dir/home/oswaldo/pico/pico-sdk/lib/tinyusb/src/portable/raspberrypi/rp2040/dcd_rp2040.c.obj
 *fill*         0x0000000010008859        0x3 
 .rodata.dcd_int_enable.str1.4
                0x000000001000885c        0xc CMakeFiles/main.dir/home/oswaldo/pico/pico-sdk/lib/tinyusb/src/portable/raspberrypi/rp2040/dcd_rp2040.c.obj
 .rodata.dcd_rp2040_irq.str1.4
                0x0000000010008868       0x14 CMakeFiles/main.dir/home/oswaldo/pico/pico-sdk/lib/tinyusb/src/portable/raspberrypi/rp2040/dcd_rp2040.c.obj
 .rodata.hw_handle_buff_status.str1.4
                0x000000001000887c        0xb CMakeFiles/main.dir/home/oswaldo/pico/pico-sdk/lib/tinyusb/src/portable/raspberrypi/rp2040/dcd_rp2040.c.obj
 *fill*         0x0000000010008887        0x1 
 .rodata.__func__.6526
                0x0000000010008888       0x17 CMakeFiles/main.dir/home/oswaldo/pico/pico-sdk/lib/tinyusb/src/portable/raspberrypi/rp2040/rp2040_usb.c.obj
 *fill*         0x000000001000889f        0x1 
 .rodata.__func__.6537
                0x00000000100088a0       0x12 CMakeFiles/main.dir/home/oswaldo/pico/pico-sdk/lib/tinyusb/src/portable/raspberrypi/rp2040/rp2040_usb.c.obj
 *fill*         0x00000000100088b2        0x2 
 .rodata._hw_endpoint_buffer_control_update32.str1.4
                0x00000000100088b4       0x1f CMakeFiles/main.dir/home/oswaldo/pico/pico-sdk/lib/tinyusb/src/portable/raspberrypi/rp2040/rp2040_usb.c.obj
 *fill*         0x00000000100088d3        0x1 
 .rodata._hw_endpoint_xfer.str1.4
                0x00000000100088d4        0xf CMakeFiles/main.dir/home/oswaldo/pico/pico-sdk/lib/tinyusb/src/portable/raspberrypi/rp2040/rp2040_usb.c.obj
 *fill*         0x00000000100088e3        0x1 
 .rodata._hw_endpoint_xfer_continue.str1.4
                0x00000000100088e4       0x50 CMakeFiles/main.dir/home/oswaldo/pico/pico-sdk/lib/tinyusb/src/portable/raspberrypi/rp2040/rp2040_usb.c.obj
 .rodata._hw_endpoint_xfer_sync.str1.4
                0x0000000010008934       0x95 CMakeFiles/main.dir/home/oswaldo/pico/pico-sdk/lib/tinyusb/src/portable/raspberrypi/rp2040/rp2040_usb.c.obj
 *fill*         0x00000000100089c9        0x3 
 .rodata.str1.4
                0x00000000100089cc        0x7 CMakeFiles/main.dir/home/oswaldo/pico/pico-sdk/lib/tinyusb/src/portable/raspberrypi/rp2040/rp2040_usb.c.obj
 *fill*         0x00000000100089d3        0x1 
 .rodata.process_get_descriptor
                0x00000000100089d4       0x40 CMakeFiles/main.dir/home/oswaldo/pico/pico-sdk/lib/tinyusb/src/device/usbd.c.obj
 .rodata.process_control_request
                0x0000000010008a14       0x28 CMakeFiles/main.dir/home/oswaldo/pico/pico-sdk/lib/tinyusb/src/device/usbd.c.obj
 .rodata.tud_task
                0x0000000010008a3c       0x24 CMakeFiles/main.dir/home/oswaldo/pico/pico-sdk/lib/tinyusb/src/device/usbd.c.obj
 .rodata.__func__.6290
                0x0000000010008a60       0x13 CMakeFiles/main.dir/home/oswaldo/pico/pico-sdk/lib/tinyusb/src/device/usbd.c.obj
 *fill*         0x0000000010008a73        0x1 
 .rodata.__func__.6297
                0x0000000010008a74       0x10 CMakeFiles/main.dir/home/oswaldo/pico/pico-sdk/lib/tinyusb/src/device/usbd.c.obj
 .rodata.__func__.7067
                0x0000000010008a84        0x9 CMakeFiles/main.dir/home/oswaldo/pico/pico-sdk/lib/tinyusb/src/device/usbd.c.obj
 *fill*         0x0000000010008a8d        0x3 
 .rodata.__func__.7088
                0x0000000010008a90       0x18 CMakeFiles/main.dir/home/oswaldo/pico/pico-sdk/lib/tinyusb/src/device/usbd.c.obj
 .rodata.__func__.7127
                0x0000000010008aa8       0x13 CMakeFiles/main.dir/home/oswaldo/pico/pico-sdk/lib/tinyusb/src/device/usbd.c.obj
 *fill*         0x0000000010008abb        0x1 
 .rodata.__func__.7170
                0x0000000010008abc       0x17 CMakeFiles/main.dir/home/oswaldo/pico/pico-sdk/lib/tinyusb/src/device/usbd.c.obj
 *fill*         0x0000000010008ad3        0x1 
 .rodata.__func__.7224
                0x0000000010008ad4       0x14 CMakeFiles/main.dir/home/oswaldo/pico/pico-sdk/lib/tinyusb/src/device/usbd.c.obj
 .rodata.__func__.7260
                0x0000000010008ae8        0xf CMakeFiles/main.dir/home/oswaldo/pico/pico-sdk/lib/tinyusb/src/device/usbd.c.obj
 *fill*         0x0000000010008af7        0x1 
 .rodata._usbd_driver
                0x0000000010008af8       0x1c CMakeFiles/main.dir/home/oswaldo/pico/pico-sdk/lib/tinyusb/src/device/usbd.c.obj
 .rodata.dcd_event_handler.str1.4
                0x0000000010008b14       0x4d CMakeFiles/main.dir/home/oswaldo/pico/pico-sdk/lib/tinyusb/src/device/usbd.c.obj
 *fill*         0x0000000010008b61        0x3 
 .rodata.process_set_config.str1.4
                0x0000000010008b64       0x18 CMakeFiles/main.dir/home/oswaldo/pico/pico-sdk/lib/tinyusb/src/device/usbd.c.obj
                                         0x17 (size before relaxing)
 .rodata.__func__.6987
                0x0000000010008b7c       0x11 CMakeFiles/main.dir/home/oswaldo/pico/pico-sdk/lib/tinyusb/src/device/usbd_control.c.obj
 *fill*         0x0000000010008b8d        0x3 
 .rodata.__func__.7005
                0x0000000010008b90       0x15 CMakeFiles/main.dir/home/oswaldo/pico/pico-sdk/lib/tinyusb/src/device/usbd_control.c.obj
 .rodata.tud_control_xfer.str1.4
                0x0000000010008ba5       0x17 CMakeFiles/main.dir/home/oswaldo/pico/pico-sdk/lib/tinyusb/src/device/usbd_control.c.obj
 *fill*         0x0000000010008ba5        0x3 
 .rodata.__func__.6930
                0x0000000010008ba8       0x16 CMakeFiles/main.dir/home/oswaldo/pico/pico-sdk/lib/tinyusb/src/class/cdc/cdc_device.c.obj
 *fill*         0x0000000010008bbe        0x2 
 .rodata.__func__.6959
                0x0000000010008bc0        0xa CMakeFiles/main.dir/home/oswaldo/pico/pico-sdk/lib/tinyusb/src/class/cdc/cdc_device.c.obj
 *fill*         0x0000000010008bca        0x2 
 .rodata.__func__.6999
                0x0000000010008bcc        0xd CMakeFiles/main.dir/home/oswaldo/pico/pico-sdk/lib/tinyusb/src/class/cdc/cdc_device.c.obj
 .rodata.tud_cdc_n_write_flush.str1.4
                0x0000000010008bd9       0x17 CMakeFiles/main.dir/home/oswaldo/pico/pico-sdk/lib/tinyusb/src/class/cdc/cdc_device.c.obj
 *fill*         0x0000000010008bd9        0x3 
 .rodata.__func__.6867
                0x0000000010008bdc        0xa CMakeFiles/main.dir/home/oswaldo/pico/pico-sdk/lib/tinyusb/src/tusb.c.obj
 .rodata.tusb_init.str1.4
                0x0000000010008be6       0x17 CMakeFiles/main.dir/home/oswaldo/pico/pico-sdk/lib/tinyusb/src/tusb.c.obj
 *fill*         0x0000000010008be6        0x2 
 .rodata.__bi_125.6235
                0x0000000010008be8        0x8 libLCD_I2C.a(LCD_I2C.c.obj)
 .rodata.columns
                0x0000000010008bf0       0x10 libkeypad_4x4.a(keypad_4x4.c.obj)
                0x0000000010008bf0                columns
 .rodata.matriz
                0x0000000010008c00       0x10 libkeypad_4x4.a(keypad_4x4.c.obj)
                0x0000000010008c00                matriz
 .rodata.rows   0x0000000010008c10       0x10 libkeypad_4x4.a(keypad_4x4.c.obj)
                0x0000000010008c10                rows
                0x0000000010008c20                . = ALIGN (0x4)
 *(SORT(.flashdata*))
                0x0000000010008c20                . = ALIGN (0x4)

.rel.dyn        0x0000000010008c20        0x0
 .rel.iplt      0x0000000010008c20        0x0 /usr/lib/gcc/arm-none-eabi/6.3.1/thumb/v6-m/crtbegin.o

.ARM.extab
 *(.ARM.extab* .gnu.linkonce.armextab.*)
                0x0000000010008c20                __exidx_start = .

.ARM.exidx
 *(.ARM.exidx* .gnu.linkonce.armexidx.*)
                0x0000000010008c20                __exidx_end = .
                0x0000000010008c20                . = ALIGN (0x4)
                0x0000000010008c20                __binary_info_start = .

.binary_info    0x0000000010008c20       0x24
 *(.binary_info.keep.*)
 .binary_info.keep.__bi_ptr22
                0x0000000010008c20        0x4 CMakeFiles/main.dir/home/oswaldo/pico/pico-sdk/src/rp2_common/pico_standard_link/binary_info.c.obj
 .binary_info.keep.__bi_ptr30
                0x0000000010008c24        0x4 CMakeFiles/main.dir/home/oswaldo/pico/pico-sdk/src/rp2_common/pico_standard_link/binary_info.c.obj
 .binary_info.keep.__bi_ptr38
                0x0000000010008c28        0x4 CMakeFiles/main.dir/home/oswaldo/pico/pico-sdk/src/rp2_common/pico_standard_link/binary_info.c.obj
 .binary_info.keep.__bi_ptr44
                0x0000000010008c2c        0x4 CMakeFiles/main.dir/home/oswaldo/pico/pico-sdk/src/rp2_common/pico_standard_link/binary_info.c.obj
 .binary_info.keep.__bi_ptr50
                0x0000000010008c30        0x4 CMakeFiles/main.dir/home/oswaldo/pico/pico-sdk/src/rp2_common/pico_standard_link/binary_info.c.obj
 .binary_info.keep.__bi_ptr75
                0x0000000010008c34        0x4 CMakeFiles/main.dir/home/oswaldo/pico/pico-sdk/src/rp2_common/pico_standard_link/binary_info.c.obj
 .binary_info.keep.__bi_ptr81
                0x0000000010008c38        0x4 CMakeFiles/main.dir/home/oswaldo/pico/pico-sdk/src/rp2_common/pico_standard_link/binary_info.c.obj
 .binary_info.keep.__bi_ptr125
                0x0000000010008c3c        0x4 libLCD_I2C.a(LCD_I2C.c.obj)
 *(.binary_info.*)
 .binary_info.__bi_ptr93
                0x0000000010008c40        0x4 CMakeFiles/main.dir/home/oswaldo/pico/pico-sdk/src/rp2_common/pico_stdio_usb/stdio_usb.c.obj
                0x0000000010008c44                __binary_info_end = .
                0x0000000010008c44                . = ALIGN (0x4)
                0x0000000010008c44                __etext = .

.ram_vector_table
                0x0000000020000000       0xc0
 *(.ram_vector_table)
 .ram_vector_table
                0x0000000020000000       0xc0 CMakeFiles/main.dir/home/oswaldo/pico/pico-sdk/src/rp2_common/pico_runtime/runtime.c.obj
                0x0000000020000000                ram_vector_table

.data           0x00000000200000c0      0x350 load address 0x0000000010008c44
                0x00000000200000c0                __data_start__ = .
 *(vtable)
 *(.time_critical*)
 .time_critical.mutex_enter_blocking
                0x00000000200000c0       0x68 CMakeFiles/main.dir/home/oswaldo/pico/pico-sdk/src/common/pico_sync/mutex.c.obj
                0x00000000200000c0                mutex_enter_blocking
 .time_critical.mutex_try_enter
                0x0000000020000128       0x48 CMakeFiles/main.dir/home/oswaldo/pico/pico-sdk/src/common/pico_sync/mutex.c.obj
                0x0000000020000128                mutex_try_enter
 .time_critical.mutex_enter_block_until
                0x0000000020000170       0x7c CMakeFiles/main.dir/home/oswaldo/pico/pico-sdk/src/common/pico_sync/mutex.c.obj
                0x0000000020000170                mutex_enter_block_until
 .time_critical.mutex_enter_timeout_ms
                0x00000000200001ec       0x6c CMakeFiles/main.dir/home/oswaldo/pico/pico-sdk/src/common/pico_sync/mutex.c.obj
                0x00000000200001ec                mutex_enter_timeout_ms
 .time_critical.mutex_exit
                0x0000000020000258       0x4c CMakeFiles/main.dir/home/oswaldo/pico/pico-sdk/src/common/pico_sync/mutex.c.obj
                0x0000000020000258                mutex_exit
 *(.text*)
 .text          0x00000000200002a4        0x4 /usr/lib/gcc/arm-none-eabi/6.3.1/thumb/v6-m/libgcc.a(_dvmd_tls.o)
                0x00000000200002a4                __aeabi_ldiv0
                0x00000000200002a4                __aeabi_idiv0
 .text.__stub   0x00000000200002a8       0x40 linker stubs
                0x00000000200002e8                . = ALIGN (0x4)
 *(.rodata*)
                0x00000000200002e8                . = ALIGN (0x4)
 *(.data*)
 .data.withdraw